//my_bigball/app/Facebook-appmanager/Facebook-appmanager.apk 2-1180
//my_bigball/app/GoogleAssistantShell/GoogleAssistantShell.apk 1181-1421
//my_bigball/app/GoogleContacts/GoogleContacts.apk 1422-4703
//my_bigball/app/GoogleWallet/GoogleWallet.apk 4704-7542
//my_bigball/app/LatinImeGoogle/LatinImeGoogle.apk 7543-18863
//my_bigball/app/Meet/Meet.apk 18864-32119
//my_bigball/app/Photos/Photos.apk 32120-50620
//my_bigball/del-app-pre/Drive_del/Drive.apk 50621-58752
//my_bigball/del-app-pre/Facebook/Facebook.apk 58753-58801
//my_bigball/del-app-pre/GoogleFindMyDevice/GoogleFindMyDevice.apk 58802-60569
//my_bigball/del-app-pre/GoogleFitbit/GoogleFitbit.apk 60570-70488
//my_bigball/del-app-pre/GoogleHome/GoogleHome.apk 70489-83377
//my_bigball/del-app-pre/GoogleOne/GoogleOne.apk 83378-87375
//my_bigball/del-app-pre/Videos_del/Videos.apk 87376-92293
//my_bigball/del-app-pre/YTMusic_del/YTMusic.apk 92294-100231
//my_bigball/overlay/GmsConfigOverlayASI_Infrastructure/GmsConfigOverlayASI_Infrastructure.apk 100232-100233
//my_bigball/overlay/GmsConfigOverlayCommonEx/GmsConfigOverlayCommonEx.apk 100234-100238
//my_bigball/overlay/GmsConfigOverlayComms/GmsConfigOverlayComms.apk 100239-100240
//my_bigball/overlay/GmsConfigOverlayGSA/GmsConfigOverlayGSA.apk 100241-100242
//my_bigball/priv-app/AndroidSystemIntelligence_Infrastructure/AndroidSystemIntelligence_Infrastructure.apk 100243-104679
//my_bigball/priv-app/CrossDeviceServicesStub/CrossDeviceServicesStub.apk 104680-105102
//my_bigball/priv-app/Facebook-installer/Facebook-installer.apk 105103-105172
//my_bigball/priv-app/Facebook-services/Facebook-services.apk 105173-105709
//my_bigball/priv-app/GoogleDialer/GoogleDialer.apk 105710-115975
//my_bigball/priv-app/Messages/Messages.apk 115976-135608
//my_bigball/priv-app/PlayAutoInstallConfig/PlayAutoInstallConfig.apk 135609
//my_bigball/priv-app/PrivateComputeServices/PrivateComputeServices.apk 135610-138430
//my_bigball/priv-app/AndroidSystemIntelligence_Infrastructure/oat/arm64/AndroidSystemIntelligence_Infrastructure.vdex 138431-138457
//my_bigball/priv-app/Facebook-services/oat/arm64/Facebook-services.vdex 138458-138472
//my_bigball/priv-app/GoogleDialer/oat/arm64/GoogleDialer.vdex 138473-138561
//my_bigball/priv-app/Messages/oat/arm64/Messages.vdex 138562-138892
//my_bigball/priv-app/PrivateComputeServices/oat/arm64/PrivateComputeServices.vdex 138893-138912
