//my_product/build.prop 1
//my_product/etc/Multimedia_Feedback_List.xml 2
//my_product/etc/NOTICE.xml.gz 3-10
//my_product/etc/aiEngineConfig.xml 11
//my_product/etc/apns-conf.xml 12-49
//my_product/etc/ecc_list.xml 50-52
//my_product/etc/oplus_carriers_map.xml 53
//my_product/etc/oplus_channel_map.xml 54-55
//my_product/etc/oplus_channel_ready_stat_map.xml 56
//my_product/etc/oplus_vrr_config.json 57
//my_product/etc/refresh_rate_config.xml 58-73
//my_product/etc/sys_view_drag_extension.xml 74-76
//my_product/etc/vendor_oplus_carriername.xml 77-78
//my_product/lib/libAPSClient-cmd-jni.so 79-150
//my_product/lib/libAPSClient-jni.so 151-234
//my_product/lib64/libAPSClient-cmd-jni.so 235-330
//my_product/lib64/libAPSClient-jni.so 331-440
//my_product/lib64/libAncFilter_jni.so 441-519
//my_product/lib64/libAncHumBokeh-jni.so 520-551
//my_product/lib64/libAncHumanDoubleExposure-jni.so 552-589
//my_product/lib64/libAncHumanRetain-jni_v2.so 590-626
//my_product/lib64/libAncHumanSegFigureFusion-jni.so 627-654
//my_product/lib64/libAncHumanVideo-jni.so 655-684
//my_product/lib64/libApsFaceBeautyPreviewProductJni.so 685-755
//my_product/lib64/libApsSuperEISPreviewJni.so 756-815
//my_product/lib64/libAvatarEngineRender.so 816-1263
//my_product/lib64/libAvatarEngineRenderNative.so 1264-1715
//my_product/lib64/libCombineLut.so 1716-1739
//my_product/lib64/libCombineLutJni.so 1740
//my_product/lib64/libFileExtender-jni.so 1741-1763
//my_product/lib64/libMsEffectSdk.so 1764-1787
//my_product/lib64/libOplusBlurPreviewJNI.so 1788-1831
//my_product/lib64/libOplusStringJNI.so 1832-1833
//my_product/lib64/libSuperTextWrapper.so 1834-1946
//my_product/lib64/libXDocProcessSDK-jni.so 1947-2078
//my_product/lib64/libXDocProcessSDK.so 2079-2846
//my_product/lib64/libYTCommon.so 2847-2938
//my_product/lib64/libarcsoft_panorama_burstcapture.so 2939-3226
//my_product/lib64/libarcsoft_wideselfie.so 3227-3876
//my_product/lib64/libextendfile.so 3877-3971
//my_product/lib64/libjni_burstpmk.so 3972-3975
//my_product/lib64/libjni_wideselfie.so 3976-3978
//my_product/lib64/libjnisingleblur_api.so 3979-4035
//my_product/lib64/libjnistblur_api.so 4036-4093
//my_product/lib64/liblivephoto.frc.jni.so 4094-4122
//my_product/lib64/libmpbase.so 4123
//my_product/lib64/libsingle_camera_bokeh_native.so 4124-4239
//my_product/lib64/libst_mobile.so 4240-5386
//my_product/lib64/libst_sticker_jni.so 5387-5416
//my_product/overlay/CarrierConfigOverlay.226ADV.apk 5417-5425
//my_product/overlay/SystemUIFingerprintRes_CCYH.apk 5426-6524
//my_product/overlay/SystemUIFingerprintRes_JHSY.apk 6525-6818
//my_product/overlay/SystemUIFingerprintRes_JSLZ.apk 6819-8262
//my_product/overlay/SystemUIFingerprintRes_LGSY.apk 8263-8672
//my_product/overlay/SystemUIFingerprintRes_NLGS.apk 8673-9151
//my_product/overlay/SystemUIFingerprintRes_TYJW.apk 9152-9601
//my_product/overlay/SystemUIFingerprintRes_XKLC.apk 9602-10229
//my_product/overlay/SystemUIWmShellResOverlay.24700.apk 10230-10231
//my_product/overlay/android_framework_res_overlay.display.product.24700.apk 10232-10233
//my_product/overlay/aon.frameworkres.overlay.product.apk 10234-10235
//my_product/overlay/aon_framework_res_overlay.display.product.apk 10236-10237
//my_product/overlay/oplus_framework_res_rro_realme.apk 10238-10239
//my_product/app/AONService/AONService.apk 10240-18228
//my_product/app/AudioEffectCenter/AudioEffectCenter.apk 18229-18960
//my_product/app/CalendarGoogle/CalendarGoogle.apk 18961-23227
//my_product/app/Chrome/Chrome.apk 23228-28451
//my_product/app/Gmail2/Gmail2.apk 28452-46253
//my_product/app/GoogleLens/GoogleLens.apk 46254-46679
//my_product/app/GoogleLocationHistory/GoogleLocationHistory.apk 46680-47082
//my_product/app/Maps/Maps.apk 47083-63454
//my_product/app/OplusAiEngine/OplusAiEngine.apk 63455-63597
//my_product/app/OplusCamera/OplusCamera.apk 63598-88622
//my_product/app/OplusCamera/OplusCamera.apk.prof 88623-88625
//my_product/app/SmartDrive/SmartDrive.apk 88626-91292
//my_product/app/SpeechServicesByGoogle/SpeechServicesByGoogle.apk 91293-102795
//my_product/app/SwitchAccess/SwitchAccess.apk 102796-104143
//my_product/app/TrichromeLibrary/TrichromeLibrary.apk 104144-120598
//my_product/app/WebViewGoogle/WebViewGoogle.apk 120599-137879
//my_product/app/YouTube/YouTube.apk 137880-154537
//my_product/app/talkback/talkback.apk 154538-159401
//my_product/decouping_wallpaper/common/inlay_wallpaper_id.png 159402-159645 159646
//my_product/decouping_wallpaper/common/product_wallpaper_black.png 159647-160339
//my_product/decouping_wallpaper/common/product_wallpaper_gold.png 160340-161074
//my_product/decouping_wallpaper/default/default_wallpaper.png 161075-161809
//my_product/decouping_wallpaper/default/default_wallpaper_lock.png 161810-162544
//my_product/decouping_wallpaper/default/preview_0.png 162545-162556
//my_product/decouping_wallpaper/default/preview_0_en.png 162557-162568
//my_product/decouping_wallpaper/default/preview_1.png 162569-162674
//my_product/decouping_wallpaper/default/preview_1_en.png 162675-162740
//my_product/decouping_wallpaper/default/thumb.png 162741-162758
//my_product/decouping_wallpaper/default/thumb_en.png 162759-162773
//my_product/etc/camera/engineer_camera_config 162774
//my_product/etc/config/sys_preload_second_config_list.xml 162775
//my_product/etc/extension/appfeature.ai_front_apps.xml 162776-162778
//my_product/etc/extension/oplus_region_switch_parameter.xml 162779
//my_product/etc/extension/realme_product_rom_extend_feature_24700.xml 162780
//my_product/etc/extension/sys_custom_osense_scene_event_config.xml 162781
//my_product/etc/fusionlight_profile/oplus_fusion_light_args.xml 162782
//my_product/etc/fusionlight_profile/oplus_fusion_light_args_2.xml 162783
//my_product/etc/launcher/default_workspace.xml 162784-162786
//my_product/etc/launcher/default_workspace_simple.xml 162787
//my_product/etc/permissions/oplus.feature.android.xml 162788
//my_product/etc/permissions/privapp-permissions-google-product.xml 162789
//my_product/etc/permissions/privapp-permissions-google-system_ext.xml 162790
//my_product/etc/settings/regulatory_image_brazil_anatel_rmx3081.png 162791-162805
//my_product/etc/settings/regulatory_image_brazil_anatel_rmx3191.png 162806-162813
//my_product/etc/settings/regulatory_image_brazil_anatel_rmx3363.png 162814-162828
//my_product/etc/settings/regulatory_image_india_anatel_rmp2107.png 162829-162830
//my_product/etc/settings/regulatory_image_india_anatel_rmp2108.png 162831-162832
//my_product/etc/sysconfig/google-hiddenapi-package-allowlist.xml 162833
//my_product/etc/sysconfig/google.xml 162834
//my_product/etc/vibrator/effect2waveform.xml 162835-162837
//my_product/etc/vibrator/effect_waveform.xml 162838-162840
//my_product/media/bootanimation/bootanimation.zip 162841-163704
//my_product/media/bootanimation/rbootanimation.zip 163705-163944
//my_product/media/quickboot/boot_bat_temp_disconnect_zh_cn.png 163945-163950
//my_product/media/quickboot/boot_bat_temp_high.png 163951-163956
//my_product/media/quickboot/boot_bat_temp_low.png 163957-163963
//my_product/media/quickboot/boot_bat_temp_low_zh_cn.png 163964-163975
//my_product/media/quickboot/boot_black_picture.png 163976
//my_product/media/quickboot/boot_charger_01.png 163977-163978
//my_product/media/quickboot/boot_charger_02.png 163979-163980
//my_product/media/quickboot/boot_charger_03.png 163981-163982
//my_product/media/quickboot/boot_charger_04.png 163983-163984
//my_product/media/quickboot/boot_charger_05.png 163985-163986
//my_product/media/quickboot/boot_charger_06.png 163987-163988
//my_product/media/quickboot/boot_charger_07.png 163989-163991
//my_product/media/quickboot/boot_charger_08.png 163992-163994
//my_product/media/quickboot/boot_charger_09.png 163995-163997
//my_product/media/quickboot/boot_charger_10.png 163998-164000
//my_product/media/quickboot/boot_charger_100.png 164001-164004
//my_product/media/quickboot/boot_charger_11.png 164005-164007
//my_product/media/quickboot/boot_charger_12.png 164008-164010
//my_product/media/quickboot/boot_charger_13.png 164011-164013
//my_product/media/quickboot/boot_charger_14.png 164014-164016
//my_product/media/quickboot/boot_charger_15.png 164017-164019
//my_product/media/quickboot/boot_charger_16.png 164020-164022
//my_product/media/quickboot/boot_charger_17.png 164023-164025
//my_product/media/quickboot/boot_charger_18.png 164026-164028
//my_product/media/quickboot/boot_charger_19.png 164029-164031
//my_product/media/quickboot/boot_charger_20.png 164032-164034
//my_product/media/quickboot/boot_charger_21.png 164035-164037
//my_product/media/quickboot/boot_charger_22.png 164038-164041
//my_product/media/quickboot/boot_charger_23.png 164042-164045
//my_product/media/quickboot/boot_charger_24.png 164046-164049
//my_product/media/quickboot/boot_charger_25.png 164050-164053
//my_product/media/quickboot/boot_charger_battery_high.png 164054-164060
//my_product/media/quickboot/boot_charger_battery_untouch.png 164061-164066
//my_product/media/quickboot/boot_charger_deviated_CN.png 164067-164085
//my_product/media/quickboot/boot_charger_deviated_US.png 164086-164103
//my_product/media/quickboot/boot_charger_empty.png 164104-164105
//my_product/media/quickboot/boot_charger_f_v_01.png 164106-164111
//my_product/media/quickboot/boot_charger_f_v_02.png 164112-164117
//my_product/media/quickboot/boot_charger_f_v_03.png 164118-164123
//my_product/media/quickboot/boot_charger_f_v_04.png 164124-164129
//my_product/media/quickboot/boot_charger_f_v_05.png 164130-164135
//my_product/media/quickboot/boot_charger_f_v_06.png 164136-164142
//my_product/media/quickboot/boot_charger_f_v_07.png 164143-164149
//my_product/media/quickboot/boot_charger_f_v_08.png 164150-164156
//my_product/media/quickboot/boot_charger_f_v_09.png 164157-164163
//my_product/media/quickboot/boot_charger_f_v_10.png 164164-164170
//my_product/media/quickboot/boot_charger_f_v_11.png 164171-164177
//my_product/media/quickboot/boot_charger_f_v_12.png 164178-164184
//my_product/media/quickboot/boot_charger_f_v_13.png 164185-164191
//my_product/media/quickboot/boot_charger_f_v_14.png 164192-164198
//my_product/media/quickboot/boot_charger_f_v_15.png 164199-164205
//my_product/media/quickboot/boot_charger_f_v_16.png 164206-164212
//my_product/media/quickboot/boot_charger_f_v_17.png 164213-164219
//my_product/media/quickboot/boot_charger_f_v_18.png 164220-164227
//my_product/media/quickboot/boot_charger_f_v_19.png 164228-164235
//my_product/media/quickboot/boot_charger_f_v_20.png 164236-164243
//my_product/media/quickboot/boot_charger_f_v_21.png 164244-164251
//my_product/media/quickboot/boot_charger_f_v_22.png 164252-164259
//my_product/media/quickboot/boot_charger_f_v_23.png 164260-164267
//my_product/media/quickboot/boot_charger_f_v_24.png 164268-164275
//my_product/media/quickboot/boot_charger_f_v_25.png 164276-164283
//my_product/media/quickboot/boot_charger_f_v_empty.png 164284-164289
//my_product/media/quickboot/boot_charger_full.png 164290-164292
//my_product/media/quickboot/boot_charger_full_thirdbat.png 164293-164300
//my_product/media/quickboot/boot_charger_full_with_exception1.png 164301-164307
//my_product/media/quickboot/boot_charger_full_with_exception2.png 164308-164314
//my_product/media/quickboot/boot_charger_low_battery.png 164315-164316
//my_product/media/quickboot/boot_charger_low_battery2.png 164317-164318
//my_product/media/quickboot/boot_charger_low_battery3.jpg 164319-164321
//my_product/media/quickboot/boot_charger_poc.png 164322-164323
//my_product/media/quickboot/boot_charger_s_01.png 164324-164325
//my_product/media/quickboot/boot_charger_s_02.png 164326-164327
//my_product/media/quickboot/boot_charger_s_03.png 164328-164329
//my_product/media/quickboot/boot_charger_s_04.png 164330-164331
//my_product/media/quickboot/boot_charger_s_05.png 164332-164333
//my_product/media/quickboot/boot_charger_s_06.png 164334-164336
//my_product/media/quickboot/boot_charger_s_07.png 164337-164339
//my_product/media/quickboot/boot_charger_s_08.png 164340-164342
//my_product/media/quickboot/boot_charger_s_09.png 164343-164345
//my_product/media/quickboot/boot_charger_s_10.png 164346-164348
//my_product/media/quickboot/boot_charger_s_100.png 164349-164352
//my_product/media/quickboot/boot_charger_s_11.png 164353-164355
//my_product/media/quickboot/boot_charger_s_12.png 164356-164358
//my_product/media/quickboot/boot_charger_s_13.png 164359-164361
//my_product/media/quickboot/boot_charger_s_14.png 164362-164364
//my_product/media/quickboot/boot_charger_s_15.png 164365-164367
//my_product/media/quickboot/boot_charger_s_16.png 164368-164370
//my_product/media/quickboot/boot_charger_s_17.png 164371-164373
//my_product/media/quickboot/boot_charger_s_18.png 164374-164376
//my_product/media/quickboot/boot_charger_s_19.png 164377-164379
//my_product/media/quickboot/boot_charger_s_20.png 164380-164382
//my_product/media/quickboot/boot_charger_s_21.png 164383-164386
//my_product/media/quickboot/boot_charger_s_22.png 164387-164390
//my_product/media/quickboot/boot_charger_s_23.png 164391-164394
//my_product/media/quickboot/boot_charger_s_24.png 164395-164398
//my_product/media/quickboot/boot_charger_s_25.png 164399-164402
//my_product/media/quickboot/boot_charger_s_empty.png 164403-164404
//my_product/media/quickboot/boot_charger_s_v_01.png 164405-164406
//my_product/media/quickboot/boot_charger_s_v_02.png 164407-164408
//my_product/media/quickboot/boot_charger_s_v_03.png 164409-164410
//my_product/media/quickboot/boot_charger_s_v_04.png 164411-164413
//my_product/media/quickboot/boot_charger_s_v_05.png 164414-164416
//my_product/media/quickboot/boot_charger_s_v_06.png 164417-164419
//my_product/media/quickboot/boot_charger_s_v_07.png 164420-164422
//my_product/media/quickboot/boot_charger_s_v_08.png 164423-164425
//my_product/media/quickboot/boot_charger_s_v_09.png 164426-164428
//my_product/media/quickboot/boot_charger_s_v_10.png 164429-164431
//my_product/media/quickboot/boot_charger_s_v_100.png 164432-164436
//my_product/media/quickboot/boot_charger_s_v_11.png 164437-164439
//my_product/media/quickboot/boot_charger_s_v_12.png 164440-164442
//my_product/media/quickboot/boot_charger_s_v_13.png 164443-164445
//my_product/media/quickboot/boot_charger_s_v_14.png 164446-164449
//my_product/media/quickboot/boot_charger_s_v_15.png 164450-164453
//my_product/media/quickboot/boot_charger_s_v_16.png 164454-164457
//my_product/media/quickboot/boot_charger_s_v_17.png 164458-164461
//my_product/media/quickboot/boot_charger_s_v_18.png 164462-164465
//my_product/media/quickboot/boot_charger_s_v_19.png 164466-164469
//my_product/media/quickboot/boot_charger_s_v_20.png 164470-164473
//my_product/media/quickboot/boot_charger_s_v_21.png 164474-164477
//my_product/media/quickboot/boot_charger_s_v_22.png 164478-164481
//my_product/media/quickboot/boot_charger_s_v_23.png 164482-164485
//my_product/media/quickboot/boot_charger_s_v_24.png 164486-164489
//my_product/media/quickboot/boot_charger_s_v_25.png 164490-164493
//my_product/media/quickboot/boot_charger_s_v_2_01.png 164494-164496
//my_product/media/quickboot/boot_charger_s_v_2_02.png 164497-164499
//my_product/media/quickboot/boot_charger_s_v_2_03.png 164500-164502
//my_product/media/quickboot/boot_charger_s_v_2_04.png 164503-164505
//my_product/media/quickboot/boot_charger_s_v_2_05.png 164506-164508
//my_product/media/quickboot/boot_charger_s_v_2_06.png 164509-164511
//my_product/media/quickboot/boot_charger_s_v_2_07.png 164512-164514
//my_product/media/quickboot/boot_charger_s_v_2_08.png 164515-164517
//my_product/media/quickboot/boot_charger_s_v_2_09.png 164518-164520
//my_product/media/quickboot/boot_charger_s_v_2_10.png 164521-164523
//my_product/media/quickboot/boot_charger_s_v_2_11.png 164524-164526
//my_product/media/quickboot/boot_charger_s_v_2_12.png 164527-164529
//my_product/media/quickboot/boot_charger_s_v_2_13.png 164530-164532
//my_product/media/quickboot/boot_charger_s_v_2_14.png 164533-164535
//my_product/media/quickboot/boot_charger_s_v_2_15.png 164536-164538
//my_product/media/quickboot/boot_charger_s_v_2_16.png 164539-164541
//my_product/media/quickboot/boot_charger_s_v_2_17.png 164542-164544
//my_product/media/quickboot/boot_charger_s_v_2_18.png 164545-164547
//my_product/media/quickboot/boot_charger_s_v_2_19.png 164548-164550
//my_product/media/quickboot/boot_charger_s_v_2_20.png 164551-164553
//my_product/media/quickboot/boot_charger_s_v_2_21.png 164554-164556
//my_product/media/quickboot/boot_charger_s_v_2_22.png 164557-164559
//my_product/media/quickboot/boot_charger_s_v_2_23.png 164560-164562
//my_product/media/quickboot/boot_charger_s_v_2_24.png 164563-164565
//my_product/media/quickboot/boot_charger_s_v_2_25.png 164566-164568
//my_product/media/quickboot/boot_charger_s_v_2_empty.png 164569-164571
//my_product/media/quickboot/boot_charger_s_v_empty.png 164572-164573
//my_product/media/quickboot/boot_charger_timeout.png 164574-164580
//my_product/media/quickboot/boot_charger_unknown.png 164581-164582
//my_product/media/quickboot/boot_charger_vol_high.png 164583-164589
//my_product/media/quickboot/boot_charger_vol_low.png 164590-164596
//my_product/media/quickboot/boot_charger_wireless_01.png 164597-164598
//my_product/media/quickboot/boot_charger_wireless_02.png 164599-164601
//my_product/media/quickboot/boot_charger_wireless_03.png 164602-164604
//my_product/media/quickboot/boot_charger_wireless_04.png 164605-164607
//my_product/media/quickboot/boot_charger_wireless_05.png 164608-164610
//my_product/media/quickboot/boot_charger_wireless_06.png 164611-164613
//my_product/media/quickboot/boot_charger_wireless_07.png 164614-164616
//my_product/media/quickboot/boot_charger_wireless_08.png 164617-164619
//my_product/media/quickboot/boot_charger_wireless_09.png 164620-164622
//my_product/media/quickboot/boot_charger_wireless_10.png 164623-164625
//my_product/media/quickboot/boot_charger_wireless_100.png 164626-164629
//my_product/media/quickboot/boot_charger_wireless_11.png 164630-164632
//my_product/media/quickboot/boot_charger_wireless_12.png 164633-164635
//my_product/media/quickboot/boot_charger_wireless_13.png 164636-164638
//my_product/media/quickboot/boot_charger_wireless_14.png 164639-164641
//my_product/media/quickboot/boot_charger_wireless_15.png 164642-164644
//my_product/media/quickboot/boot_charger_wireless_16.png 164645-164648
//my_product/media/quickboot/boot_charger_wireless_17.png 164649-164652
//my_product/media/quickboot/boot_charger_wireless_18.png 164653-164656
//my_product/media/quickboot/boot_charger_wireless_19.png 164657-164660
//my_product/media/quickboot/boot_charger_wireless_20.png 164661-164664
//my_product/media/quickboot/boot_charger_wireless_21.png 164665-164668
//my_product/media/quickboot/boot_charger_wireless_22.png 164669-164672
//my_product/media/quickboot/boot_charger_wireless_23.png 164673-164676
//my_product/media/quickboot/boot_charger_wireless_24.png 164677-164680
//my_product/media/quickboot/boot_charger_wireless_25.png 164681-164684
//my_product/media/quickboot/boot_charger_wireless_empty.png 164685-164687
//my_product/media/quickboot/boot_charger_wireless_novooc_01.png 164688-164689
//my_product/media/quickboot/boot_charger_wireless_novooc_02.png 164690-164691
//my_product/media/quickboot/boot_charger_wireless_novooc_03.png 164692-164693
//my_product/media/quickboot/boot_charger_wireless_novooc_04.png 164694-164695
//my_product/media/quickboot/boot_charger_wireless_novooc_05.png 164696-164697
//my_product/media/quickboot/boot_charger_wireless_novooc_06.png 164698-164699
//my_product/media/quickboot/boot_charger_wireless_novooc_07.png 164700-164701
//my_product/media/quickboot/boot_charger_wireless_novooc_08.png 164702-164703
//my_product/media/quickboot/boot_charger_wireless_novooc_09.png 164704-164705
//my_product/media/quickboot/boot_charger_wireless_novooc_10.png 164706-164708
//my_product/media/quickboot/boot_charger_wireless_novooc_100.png 164709-164711
//my_product/media/quickboot/boot_charger_wireless_novooc_11.png 164712-164714
//my_product/media/quickboot/boot_charger_wireless_novooc_12.png 164715-164717
//my_product/media/quickboot/boot_charger_wireless_novooc_13.png 164718-164720
//my_product/media/quickboot/boot_charger_wireless_novooc_14.png 164721-164723
//my_product/media/quickboot/boot_charger_wireless_novooc_15.png 164724-164726
//my_product/media/quickboot/boot_charger_wireless_novooc_16.png 164727-164729
//my_product/media/quickboot/boot_charger_wireless_novooc_17.png 164730-164732
//my_product/media/quickboot/boot_charger_wireless_novooc_18.png 164733-164735
//my_product/media/quickboot/boot_charger_wireless_novooc_19.png 164736-164738
//my_product/media/quickboot/boot_charger_wireless_novooc_20.png 164739-164741
//my_product/media/quickboot/boot_charger_wireless_novooc_21.png 164742-164744
//my_product/media/quickboot/boot_charger_wireless_novooc_22.png 164745-164747
//my_product/media/quickboot/boot_charger_wireless_novooc_23.png 164748-164750
//my_product/media/quickboot/boot_charger_wireless_novooc_24.png 164751-164753
//my_product/media/quickboot/boot_charger_wireless_novooc_25.png 164754-164756
//my_product/media/quickboot/boot_charger_wireless_novooc_empty.png 164757-164758
//my_product/media/quickboot/boot_chg_vol_high_zh_cn.png 164759-164770
//my_product/media/quickboot/boot_tbatt_too_high.png 164771-164776
//my_product/media/quickboot/fhdplus_low_battery.png 164777-164778
//my_product/overlay/OplusAiConfigOverlayCommon/OplusAiConfigOverlayCommon.apk 164779-164780
//my_product/overlay/OplusGmsConfigOverlayCommon/OplusGmsConfigOverlayCommon.apk 164781-164782
//my_product/priv-app/AndroidAutoStub/AndroidAutoStub.apk 164783-165251
//my_product/priv-app/ConfigUpdater/ConfigUpdater.apk 165252-165432
//my_product/priv-app/FamilyLinkParentalControls/FamilyLinkParentalControls.apk 165433-165436
//my_product/priv-app/GmsCore/GmsCore.apk 165437-192258
//my_product/priv-app/GoogleFiles/GoogleFiles.apk 192259-195721
//my_product/priv-app/GoogleOneTimeInitializer/GoogleOneTimeInitializer.apk 195722-195759
//my_product/priv-app/GooglePartnerSetup/GooglePartnerSetup.apk 195760-195965
//my_product/priv-app/GoogleRestore/GoogleRestore.apk 195966-197946
//my_product/priv-app/Phonesky/Phonesky.apk 197947-208602
//my_product/priv-app/SOSHelper/SOSHelper.apk 208603-210335
//my_product/priv-app/UMS/UMS.apk 210336-210346
//my_product/priv-app/Velvet/Velvet.apk 210347-241110
//my_product/priv-app/Wellbeing/Wellbeing.apk 241111-243569
//my_product/product_overlay/framework/com.oplus.camera.unit.sdk.adapter.jar 243570-243923
//my_product/product_overlay/framework/com.oplus.camera.unit.sdk.jar 243924-244495
//my_product/vendor/etc/display_brightness_app_list.xml 244496
//my_product/vendor/etc/display_brightness_config_cost.xml 244497-244513
//my_product/vendor/etc/display_brightness_config_csot.xml 244514-244530
//my_product/vendor/etc/display_brightness_config_djn_hjc.xml 244531-244546
//my_product/vendor/etc/display_brightness_config_tm.xml 244547-244563
//my_product/vendor/etc/display_brightness_config_truly_hkc.xml 244564-244578
//my_product/vendor/etc/display_brightness_config_xx_hkc.xml 244579-244592
//my_product/vendor/etc/display_curve_map.xml 244593-244602
//my_product/vendor/etc/multimedia_app_scale_list.xml 244603-244604
//my_product/vendor/etc/multimedia_display_feature_config.xml 244605
//my_product/vendor/etc/multimedia_display_perf_list.xml 244606-244607
//my_product/decouping_wallpaper/inspiration_theme_resource/default_themes/default_theme_data.json 244608
//my_product/decouping_wallpaper/inspiration_theme_resource/inspiration_theme_templates/inspiration_theme_templates.json 244609
//my_product/decouping_wallpaper/inspiration_theme_resource/low_devices_default_themes/default_theme_data.json 244610
//my_product/decouping_wallpaper/inspiration_theme_resource/low_devices_default_themes/default_theme_data_replace.json 244611
//my_product/non_overlay/app/GoogleExtShared/GoogleExtShared.apk 244612-244614
//my_product/non_overlay/app/GooglePrintRecommendationService/GooglePrintRecommendationService.apk 244615-244644
//my_product/non_overlay/priv-app/GoogleFeedback/GoogleFeedback.apk 244645-244706
//my_product/non_overlay/priv-app/GooglePackageInstaller/GooglePackageInstaller.apk 244707-245171
//my_product/non_overlay/priv-app/GoogleServicesFramework/GoogleServicesFramework.apk 245172-245901
//my_product/non_overlay/priv-app/SetupWizard/SetupWizard.apk 245902-247462
//my_product/app/AONService/lib/arm64/libNoTopK.so 247463-247472
//my_product/app/AONService/lib/arm64/libPOSTPROCESS.so 247473-247474
//my_product/app/AONService/lib/arm64/libROTATE90PAD.so 247475
//my_product/app/AONService/lib/arm64/libaiboost.so 247476-248563
//my_product/app/AONService/lib/arm64/libaiboost_jni.so 248564-248568
//my_product/app/AONService/lib/arm64/libaiboost_neuron_delegate.so 248569-248623
//my_product/app/AONService/lib/arm64/libbitmapUtil.so 248624-248625
//my_product/app/AONService/lib/arm64/libc++_shared.so 248626-248722
//my_product/app/AONService/lib/arm64/libfde.so 248723-248764
//my_product/app/AONService/lib/arm64/libmemoryhelper.so 248765
//my_product/app/AONService/lib/arm64/libopencv-jni.so 248766-248770
//my_product/app/AONService/lib/arm64/libopencv_java4.so 248771-251021
//my_product/app/AONService/oat/arm64/AONService.vdex 251022-251047
//my_product/app/AudioEffectCenter/oat/arm64/AudioEffectCenter.vdex 251048-251058
//my_product/app/GoogleLens/oat/arm64/GoogleLens.vdex 251059-251065
//my_product/app/OplusAiEngine/oat/arm64/OplusAiEngine.vdex 251066-251069
//my_product/app/OplusCamera/oat/arm64/OplusCamera.art 251070-251470
//my_product/app/OplusCamera/oat/arm64/OplusCamera.odex 251471-251865
//my_product/app/OplusCamera/oat/arm64/OplusCamera.vdex 251866-251937
//my_product/app/SmartDrive/oat/arm64/SmartDrive.vdex 251938-251977
//my_product/app/SpeechServicesByGoogle/oat/arm64/SpeechServicesByGoogle.vdex 251978-252008
//my_product/apps_extension/payjoy/priv-app/PayJoyAccess/PayJoyAccess.apk 252009-252473
//my_product/cust/EUEX/etc/launcher/default_workspace.xml 252474-252476
//my_product/cust/EUEX/etc/launcher/default_workspace_simple.xml 252477
//my_product/cust/EUEX/overlay/OplusGmsConfigOverlayCommon/OplusGmsConfigOverlayCommon.apk 252478-252479
//my_product/cust/EUEX-ALL-CUST/etc/launcher/default_workspace.xml 252480-252482
//my_product/cust/EUEX-ALL-CUST/etc/launcher/default_workspace_simple.xml 252483
//my_product/cust/EUEX-ALL-CUST/overlay/OplusGmsConfigOverlayCommon/OplusGmsConfigOverlayCommon.apk 252484-252485
//my_product/cust/ID/etc/launcher/default_workspace.xml 252486-252488
//my_product/cust/IN/etc/launcher/default_workspace.xml 252489-252491
//my_product/cust/MY/etc/launcher/default_workspace.xml 252492-252494
//my_product/cust/PH/etc/launcher/default_workspace.xml 252495-252497
//my_product/cust/ROW/etc/launcher/default_workspace.xml 252498-252500
//my_product/cust/ROW/etc/launcher/default_workspace_simple.xml 252501
//my_product/cust/ROW/overlay/OplusGmsConfigOverlayCommon/OplusGmsConfigOverlayCommon.apk 252502-252503
//my_product/cust/RU/etc/launcher/default_workspace.xml 252504-252505
//my_product/cust/TH/etc/launcher/default_workspace.xml 252506-252508
//my_product/cust/TR/etc/launcher/default_workspace.xml 252509-252510
//my_product/cust/VN/etc/launcher/default_workspace.xml 252511-252513
//my_product/decouping_wallpaper/common/wallpaper_group/00_ColorOS15/ColorOS1501.webp 252514-252732 252733
//my_product/decouping_wallpaper/common/wallpaper_group/00_ColorOS15/ColorOS1502.webp 252734-252972
//my_product/decouping_wallpaper/common/wallpaper_group/00_ColorOS15/ColorOS1503.webp 252973-253193
//my_product/decouping_wallpaper/common/wallpaper_group/00_ColorOS15/ColorOS1504.webp 253194-253409
//my_product/decouping_wallpaper/common/wallpaper_group/00_ColorOS15/ColorOS1505.webp 253410-253635
//my_product/decouping_wallpaper/common/wallpaper_group/01_Nature/Nature01.webp 253636-254362
//my_product/decouping_wallpaper/common/wallpaper_group/01_Nature/Nature02.webp 254363-255124
//my_product/decouping_wallpaper/common/wallpaper_group/01_Nature/Nature03.webp 255125-255780
//my_product/decouping_wallpaper/common/wallpaper_group/01_Nature/Nature04.webp 255781-256386
//my_product/decouping_wallpaper/common/wallpaper_group/02_Blossoms/Blossoms01.webp 256387-256993
//my_product/decouping_wallpaper/common/wallpaper_group/02_Blossoms/Blossoms02.webp 256994-257484
//my_product/decouping_wallpaper/common/wallpaper_group/02_Blossoms/Blossoms03.webp 257485-258039
//my_product/decouping_wallpaper/common/wallpaper_group/02_Blossoms/Blossoms04.webp 258040-258607
//my_product/decouping_wallpaper/common/wallpaper_group/03_Calm/Calm01.webp 258608-259212
//my_product/decouping_wallpaper/common/wallpaper_group/03_Calm/Calm02.webp 259213-259766
//my_product/decouping_wallpaper/common/wallpaper_group/03_Calm/Calm03.webp 259767-260332
//my_product/decouping_wallpaper/common/wallpaper_group/03_Calm/Calm04.webp 260333-260752
//my_product/decouping_wallpaper/common/wallpaper_group/04_LightShadow/LightShadow01.webp 260753-260973
//my_product/decouping_wallpaper/common/wallpaper_group/04_LightShadow/LightShadow02.webp 260974-261219
//my_product/decouping_wallpaper/common/wallpaper_group/04_LightShadow/LightShadow03.webp 261220-261616
//my_product/decouping_wallpaper/common/wallpaper_group/04_LightShadow/LightShadow04.webp 261617-261973
//my_product/decouping_wallpaper/inspiration_theme_resource/default_themes/1/ai_unit_core_wallpaper_with_supplement 261974-262429
//my_product/decouping_wallpaper/inspiration_theme_resource/default_themes/1/cropped_lockscreen_wallpaper_with_supplement 262430-262942
//my_product/decouping_wallpaper/inspiration_theme_resource/default_themes/3/ai_unit_core_wallpaper_with_supplement 262943-263286
//my_product/decouping_wallpaper/inspiration_theme_resource/default_themes/3/cropped_lockscreen_wallpaper_with_supplement 263287-263703
//my_product/decouping_wallpaper/inspiration_theme_resource/inspiration_theme_templates/blossoms/blossoms_preview_1.webp 263704-263706
//my_product/decouping_wallpaper/inspiration_theme_resource/inspiration_theme_templates/blossoms/blossoms_preview_2.webp 263707-263708
//my_product/decouping_wallpaper/inspiration_theme_resource/inspiration_theme_templates/blossoms/blossoms_preview_3.webp 263709
//my_product/decouping_wallpaper/inspiration_theme_resource/inspiration_theme_templates/blossoms/blossoms_preview_4.webp 263710-263712
//my_product/decouping_wallpaper/inspiration_theme_resource/inspiration_theme_templates/blossoms/blossoms_preview_eng_1.webp 263713-263715
//my_product/decouping_wallpaper/inspiration_theme_resource/inspiration_theme_templates/blossoms/blossoms_preview_eng_2.webp 263716-263717
//my_product/decouping_wallpaper/inspiration_theme_resource/inspiration_theme_templates/blossoms/blossoms_preview_eng_3.webp 263718
//my_product/decouping_wallpaper/inspiration_theme_resource/inspiration_theme_templates/blossoms/blossoms_preview_eng_4.webp 263719-263720
//my_product/decouping_wallpaper/inspiration_theme_resource/inspiration_theme_templates/blossoms/blossoms_preview_traditional_1.webp 263721-263723
//my_product/decouping_wallpaper/inspiration_theme_resource/inspiration_theme_templates/blossoms/blossoms_preview_traditional_2.webp 263724-263725
//my_product/decouping_wallpaper/inspiration_theme_resource/inspiration_theme_templates/blossoms/blossoms_preview_traditional_3.webp 263726
//my_product/decouping_wallpaper/inspiration_theme_resource/inspiration_theme_templates/blossoms/blossoms_preview_traditional_4.webp 263727-263729
//my_product/decouping_wallpaper/inspiration_theme_resource/inspiration_theme_templates/blossoms/blossoms_wallpaper_1.webp 263730-264211
//my_product/decouping_wallpaper/inspiration_theme_resource/inspiration_theme_templates/blossoms/blossoms_wallpaper_2.webp 264212-264782
//my_product/decouping_wallpaper/inspiration_theme_resource/inspiration_theme_templates/blossoms/blossoms_wallpaper_3.webp 264783-265318
//my_product/decouping_wallpaper/inspiration_theme_resource/inspiration_theme_templates/blossoms/blossoms_wallpaper_4.webp 265319-265920
//my_product/decouping_wallpaper/inspiration_theme_resource/inspiration_theme_templates/blossoms/blossoms_wallpaper_ai_1.webp 265921-265924
//my_product/decouping_wallpaper/inspiration_theme_resource/inspiration_theme_templates/blossoms/blossoms_wallpaper_ai_1_contours.txt 265925-265927
//my_product/decouping_wallpaper/inspiration_theme_resource/inspiration_theme_templates/blossoms/blossoms_wallpaper_ai_2.webp 265928-265936 265937
//my_product/decouping_wallpaper/inspiration_theme_resource/inspiration_theme_templates/blossoms/blossoms_wallpaper_ai_2_contours.txt 265938-265943
//my_product/decouping_wallpaper/inspiration_theme_resource/inspiration_theme_templates/blossoms/blossoms_wallpaper_ai_3.webp 265944-265948
//my_product/decouping_wallpaper/inspiration_theme_resource/inspiration_theme_templates/blossoms/blossoms_wallpaper_ai_3_contours.txt 265949-265952
//my_product/decouping_wallpaper/inspiration_theme_resource/inspiration_theme_templates/blossoms/blossoms_wallpaper_ai_4.webp 265953-265960
//my_product/decouping_wallpaper/inspiration_theme_resource/inspiration_theme_templates/blossoms/blossoms_wallpaper_ai_4_contours.txt 265961-265965
//my_product/decouping_wallpaper/inspiration_theme_resource/inspiration_theme_templates/calm/calm_preview_1.webp 265966-265970
//my_product/decouping_wallpaper/inspiration_theme_resource/inspiration_theme_templates/calm/calm_preview_3.webp 265971-265973
//my_product/decouping_wallpaper/inspiration_theme_resource/inspiration_theme_templates/calm/calm_preview_4.webp 265974-265976
//my_product/decouping_wallpaper/inspiration_theme_resource/inspiration_theme_templates/calm/calm_preview_eng_1.webp 265977-265981
//my_product/decouping_wallpaper/inspiration_theme_resource/inspiration_theme_templates/calm/calm_preview_eng_3.webp 265982-265984
//my_product/decouping_wallpaper/inspiration_theme_resource/inspiration_theme_templates/calm/calm_preview_eng_4.webp 265985-265987
//my_product/decouping_wallpaper/inspiration_theme_resource/inspiration_theme_templates/calm/calm_preview_traditional_1.webp 265988-265992
//my_product/decouping_wallpaper/inspiration_theme_resource/inspiration_theme_templates/calm/calm_preview_traditional_2.webp 265993-265995
//my_product/decouping_wallpaper/inspiration_theme_resource/inspiration_theme_templates/calm/calm_preview_traditional_3.webp 265996-265998
//my_product/decouping_wallpaper/inspiration_theme_resource/inspiration_theme_templates/calm/calm_preview_traditional_4.webp 265999-266001
//my_product/decouping_wallpaper/inspiration_theme_resource/inspiration_theme_templates/calm/calm_wallpaper_1.webp 266002-266606
//my_product/decouping_wallpaper/inspiration_theme_resource/inspiration_theme_templates/calm/calm_wallpaper_3.webp 266607-267026
//my_product/decouping_wallpaper/inspiration_theme_resource/inspiration_theme_templates/calm/calm_wallpaper_4.webp 267027-267580
//my_product/decouping_wallpaper/inspiration_theme_resource/inspiration_theme_templates/color_os/color_os_preview_1.webp 267581-267584
//my_product/decouping_wallpaper/inspiration_theme_resource/inspiration_theme_templates/color_os/color_os_preview_2.webp 267585-267588
//my_product/decouping_wallpaper/inspiration_theme_resource/inspiration_theme_templates/color_os/color_os_preview_3.webp 267589-267591
//my_product/decouping_wallpaper/inspiration_theme_resource/inspiration_theme_templates/color_os/color_os_preview_4.webp 267592-267595
//my_product/decouping_wallpaper/inspiration_theme_resource/inspiration_theme_templates/color_os/color_os_preview_5.webp 267596-267598
//my_product/decouping_wallpaper/inspiration_theme_resource/inspiration_theme_templates/color_os/color_os_preview_eng_1.webp 267599-267602
//my_product/decouping_wallpaper/inspiration_theme_resource/inspiration_theme_templates/color_os/color_os_preview_eng_2.webp 267603-267606
//my_product/decouping_wallpaper/inspiration_theme_resource/inspiration_theme_templates/color_os/color_os_preview_eng_3.webp 267607-267608
//my_product/decouping_wallpaper/inspiration_theme_resource/inspiration_theme_templates/color_os/color_os_preview_eng_4.webp 267609-267611
//my_product/decouping_wallpaper/inspiration_theme_resource/inspiration_theme_templates/color_os/color_os_preview_eng_5.webp 267612-267614
//my_product/decouping_wallpaper/inspiration_theme_resource/inspiration_theme_templates/color_os/color_os_preview_traditional_1.webp 267615-267618
//my_product/decouping_wallpaper/inspiration_theme_resource/inspiration_theme_templates/color_os/color_os_preview_traditional_2.webp 267619-267622
//my_product/decouping_wallpaper/inspiration_theme_resource/inspiration_theme_templates/color_os/color_os_preview_traditional_3.webp 267623-267625
//my_product/decouping_wallpaper/inspiration_theme_resource/inspiration_theme_templates/color_os/color_os_preview_traditional_4.webp 267626-267628
//my_product/decouping_wallpaper/inspiration_theme_resource/inspiration_theme_templates/color_os/color_os_preview_traditional_5.webp 267629-267631
//my_product/decouping_wallpaper/inspiration_theme_resource/inspiration_theme_templates/color_os/color_os_wallpaper_1.webp 267632-267870
//my_product/decouping_wallpaper/inspiration_theme_resource/inspiration_theme_templates/color_os/color_os_wallpaper_2.webp 267871-268089 268090
//my_product/decouping_wallpaper/inspiration_theme_resource/inspiration_theme_templates/color_os/color_os_wallpaper_3.webp 268091-268311
//my_product/decouping_wallpaper/inspiration_theme_resource/inspiration_theme_templates/color_os/color_os_wallpaper_4.webp 268312-268527
//my_product/decouping_wallpaper/inspiration_theme_resource/inspiration_theme_templates/color_os/color_os_wallpaper_5.webp 268528-268753
//my_product/decouping_wallpaper/inspiration_theme_resource/inspiration_theme_templates/color_os/color_os_wallpaper_ai_1.webp 268754-268755
//my_product/decouping_wallpaper/inspiration_theme_resource/inspiration_theme_templates/color_os/color_os_wallpaper_ai_2.webp 268756-268757
//my_product/decouping_wallpaper/inspiration_theme_resource/inspiration_theme_templates/color_os/color_os_wallpaper_ai_3.webp 268758-268759
//my_product/decouping_wallpaper/inspiration_theme_resource/inspiration_theme_templates/color_os/color_os_wallpaper_ai_4.webp 268760-268761
//my_product/decouping_wallpaper/inspiration_theme_resource/inspiration_theme_templates/color_os/color_os_wallpaper_ai_5.webp 268762-268763
//my_product/decouping_wallpaper/inspiration_theme_resource/inspiration_theme_templates/color_os/color_os_wallpaper_ai_contours.txt 268764-268765
//my_product/decouping_wallpaper/inspiration_theme_resource/inspiration_theme_templates/mountain/mountain_preview_1.webp 268766-268771
//my_product/decouping_wallpaper/inspiration_theme_resource/inspiration_theme_templates/mountain/mountain_preview_2.webp 268772-268777
//my_product/decouping_wallpaper/inspiration_theme_resource/inspiration_theme_templates/mountain/mountain_preview_3.webp 268778-268784
//my_product/decouping_wallpaper/inspiration_theme_resource/inspiration_theme_templates/mountain/mountain_preview_4.webp 268785-268789
//my_product/decouping_wallpaper/inspiration_theme_resource/inspiration_theme_templates/mountain/mountain_preview_eng_1.webp 268790-268795
//my_product/decouping_wallpaper/inspiration_theme_resource/inspiration_theme_templates/mountain/mountain_preview_eng_2.webp 268796-268801
//my_product/decouping_wallpaper/inspiration_theme_resource/inspiration_theme_templates/mountain/mountain_preview_eng_3.webp 268802-268808
//my_product/decouping_wallpaper/inspiration_theme_resource/inspiration_theme_templates/mountain/mountain_preview_eng_4.webp 268809-268813
//my_product/decouping_wallpaper/inspiration_theme_resource/inspiration_theme_templates/mountain/mountain_preview_traditional_1.webp 268814-268819
//my_product/decouping_wallpaper/inspiration_theme_resource/inspiration_theme_templates/mountain/mountain_preview_traditional_2.webp 268820-268825
//my_product/decouping_wallpaper/inspiration_theme_resource/inspiration_theme_templates/mountain/mountain_preview_traditional_3.webp 268826-268832
//my_product/decouping_wallpaper/inspiration_theme_resource/inspiration_theme_templates/mountain/mountain_preview_traditional_4.webp 268833-268837
//my_product/decouping_wallpaper/inspiration_theme_resource/inspiration_theme_templates/mountain/mountain_wallpaper_1.webp 268838-269493
//my_product/decouping_wallpaper/inspiration_theme_resource/inspiration_theme_templates/mountain/mountain_wallpaper_2.webp 269494-270220
//my_product/decouping_wallpaper/inspiration_theme_resource/inspiration_theme_templates/mountain/mountain_wallpaper_3.webp 270221-270982
//my_product/decouping_wallpaper/inspiration_theme_resource/inspiration_theme_templates/mountain/mountain_wallpaper_4.webp 270983-271617
//my_product/decouping_wallpaper/inspiration_theme_resource/inspiration_theme_templates/mountain/mountain_wallpaper_ai_1.webp 271618
//my_product/decouping_wallpaper/inspiration_theme_resource/inspiration_theme_templates/mountain/mountain_wallpaper_ai_1_contours.txt 271619
//my_product/decouping_wallpaper/inspiration_theme_resource/inspiration_theme_templates/mountain/mountain_wallpaper_ai_2.webp 271620-271621
//my_product/decouping_wallpaper/inspiration_theme_resource/inspiration_theme_templates/mountain/mountain_wallpaper_ai_2_contours.txt 271622-271623
//my_product/decouping_wallpaper/inspiration_theme_resource/inspiration_theme_templates/mountain/mountain_wallpaper_ai_3.webp 271624-271625
//my_product/decouping_wallpaper/inspiration_theme_resource/inspiration_theme_templates/mountain/mountain_wallpaper_ai_3_contours.txt 271626-271627
//my_product/decouping_wallpaper/inspiration_theme_resource/inspiration_theme_templates/mountain/mountain_wallpaper_ai_4.webp 271628
//my_product/decouping_wallpaper/inspiration_theme_resource/inspiration_theme_templates/mountain/mountain_wallpaper_ai_4_contours.txt 271629
//my_product/decouping_wallpaper/inspiration_theme_resource/low_devices_default_themes/1/photo_back_mask 271630-271636
//my_product/decouping_wallpaper/inspiration_theme_resource/low_devices_default_themes/1/photo_front_mask 271637-271641
//my_product/decouping_wallpaper/inspiration_theme_resource/low_devices_default_themes/3/blossoms_wallpaper_ai_2.webp 271642-271890
//my_product/priv-app/ConfigUpdater/oat/arm64/ConfigUpdater.vdex 271891-271894
//my_product/priv-app/GmsCore/m/independent/AndroidPlatformServices.apk 271895-274666
//my_product/priv-app/GmsCore/oat/arm64/GmsCore.vdex 274667-275184
//my_product/priv-app/GoogleFiles/oat/arm64/GoogleFiles.vdex 275185-275237
//my_product/priv-app/GoogleRestore/oat/arm64/GoogleRestore.vdex 275238-275275
//my_product/priv-app/Phonesky/oat/arm64/Phonesky.vdex 275276-275458
//my_product/priv-app/SOSHelper/oat/arm64/SOSHelper.vdex 275459-275485
//my_product/priv-app/Velvet/oat/arm64/Velvet.vdex 275486-275957
//my_product/priv-app/Wellbeing/oat/arm64/Wellbeing.vdex 275958-275998
//my_product/product/usr/srec/en-US/CLG.prewalk.fst 275999-276615
//my_product/product/usr/srec/en-US/CONTACT.transform.mfar 276616-276619
//my_product/product/usr/srec/en-US/TERSE_LSTM_LM.lstm_lm.main_model.uint8.data 276620-276932
//my_product/product/usr/srec/en-US/TERSE_LSTM_LM.lstm_lm.self_normalized_model.uint8.data 276933-277494
//my_product/product/usr/srec/en-US/TERSE_LSTM_LM.lstm_lm.syms 277495-277629
//my_product/product/usr/srec/en-US/c_fst 277630-277657
//my_product/product/usr/srec/en-US/config.pumpkin 277658-277679
//my_product/product/usr/srec/en-US/dictation.config 277680-277681
//my_product/product/usr/srec/en-US/dnn 277682-278391
//my_product/product/usr/srec/en-US/embedded_class_denorm.mfar 278392-278484
//my_product/product/usr/srec/en-US/embedded_normalizer.mfar 278485-278503
//my_product/product/usr/srec/en-US/en-US_confirmation_confirmation-cancellation_TWIDDLER_FST.fst 278504
//my_product/product/usr/srec/en-US/en-US_gmm-actions_gmm-nav-actions_TWIDDLER_FST.fst 278505
//my_product/product/usr/srec/en-US/endpointer_model 278506-278509
//my_product/product/usr/srec/en-US/endpointer_model.mmap 278510-278513
//my_product/product/usr/srec/en-US/ep_portable_model.uint8.mmap 278514-278544
//my_product/product/usr/srec/en-US/g2p.data 278545-278791
//my_product/product/usr/srec/en-US/g2p_fst 278792-279494
//my_product/product/usr/srec/en-US/hmm_symbols 279495-279509
//my_product/product/usr/srec/en-US/hmmlist 279510-279517
//my_product/product/usr/srec/en-US/lexicon.U.fst 279518-279660
//my_product/product/usr/srec/en-US/lstm_model.uint8.data 279661-280747
//my_product/product/usr/srec/en-US/metadata 280748
//my_product/product/usr/srec/en-US/offensive_word_normalizer.mfar 280749-280799
//my_product/product/usr/srec/en-US/offline_action_data.pb 280800
//my_product/product/usr/srec/en-US/portable_lstm 280801-280922
//my_product/product/usr/srec/en-US/prons_exception_dictionary_file.txt 280923-280933
//my_product/product/usr/srec/en-US/pumpkin.mmap 280934-283133
//my_product/product/usr/srec/en-US/rescoring.fst.compact 283134-284310
//my_product/product/usr/srec/en-US/semantics.pumpkin 284311-284321
//my_product/product/usr/srec/en-US/verbalizer_terse.mfar 284322-284429
//my_product/product/usr/srec/en-US/voice_actions.config 284430-284431
//my_product/product/usr/srec/en-US/voice_actions_compiler.config 284432-284433
//my_product/product/usr/srec/en-US/wordlist.syms 284434-284574
//my_product/product_overlay/framework/oat/arm64/com.oplus.camera.unit.sdk.adapter.odex 284575-284577
//my_product/product_overlay/framework/oat/arm64/com.oplus.camera.unit.sdk.adapter.vdex 284578-284583
//my_product/product_overlay/framework/oat/arm64/com.oplus.camera.unit.sdk.odex 284584-284587
//my_product/product_overlay/framework/oat/arm64/com.oplus.camera.unit.sdk.vdex 284588-284596
//my_product/cust/CN/media/speechassist/video/speechassist_boot_ai_chat_power_key_guide.mp4 284597-284724
//my_product/cust/RU/etc/launcher/drawable/ic_launcher_ru_app_list.png 284725-284726
//my_product/cust/RU/etc/launcher/drawable/ic_launcher_ru_assistant.png 284727
//my_product/cust/RU/etc/launcher/drawable/ic_launcher_ru_crptech.png 284728
//my_product/cust/RU/etc/launcher/drawable/ic_launcher_ru_crptech_mask.png 284729
//my_product/cust/RU/etc/launcher/drawable/ic_launcher_ru_disk.png 284730-284735
//my_product/cust/RU/etc/launcher/drawable/ic_launcher_ru_documents.png 284736-284741
//my_product/cust/RU/etc/launcher/drawable/ic_launcher_ru_gosuslugi.png 284742-284745
//my_product/cust/RU/etc/launcher/drawable/ic_launcher_ru_icq.png 284746-284750
//my_product/cust/RU/etc/launcher/drawable/ic_launcher_ru_kms.png 284751-284758
//my_product/cust/RU/etc/launcher/drawable/ic_launcher_ru_mail.png 284759-284760
//my_product/cust/RU/etc/launcher/drawable/ic_launcher_ru_maps.png 284761-284763
//my_product/cust/RU/etc/launcher/drawable/ic_launcher_ru_ok.png 284764-284766
//my_product/cust/RU/etc/launcher/drawable/ic_launcher_ru_pay.png 284767
//my_product/cust/RU/etc/launcher/drawable/ic_launcher_ru_rutube.png 284768
//my_product/cust/RU/etc/launcher/drawable/ic_launcher_ru_searchapp.png 284769
//my_product/cust/RU/etc/launcher/drawable/ic_launcher_ru_stream.png 284770-284776
//my_product/cust/RU/etc/launcher/drawable/ic_launcher_ru_vk.png 284777-284778
//my_product/cust/RU/etc/launcher/drawable/ic_launcher_ru_yandex_searchplugin.png 284779
//my_product/cust/RU/etc/launcher/drawable/ic_launcher_two_gis.png 284780
//my_product/cust/RU/etc/launcher/drawable-xxhdpi/ic_launcher_ru_app_list.png 284781-284782
//my_product/cust/RU/etc/launcher/drawable-xxhdpi/ic_launcher_ru_assistant.png 284783
//my_product/cust/RU/etc/launcher/drawable-xxhdpi/ic_launcher_ru_crptech.png 284784
//my_product/cust/RU/etc/launcher/drawable-xxhdpi/ic_launcher_ru_crptech_mask.png 284785
//my_product/cust/RU/etc/launcher/drawable-xxhdpi/ic_launcher_ru_disk.png 284786-284791
//my_product/cust/RU/etc/launcher/drawable-xxhdpi/ic_launcher_ru_documents.png 284792-284797
//my_product/cust/RU/etc/launcher/drawable-xxhdpi/ic_launcher_ru_gosuslugi.png 284798-284801
//my_product/cust/RU/etc/launcher/drawable-xxhdpi/ic_launcher_ru_icq.png 284802-284806
//my_product/cust/RU/etc/launcher/drawable-xxhdpi/ic_launcher_ru_kms.png 284807-284814
//my_product/cust/RU/etc/launcher/drawable-xxhdpi/ic_launcher_ru_mail.png 284815-284816
//my_product/cust/RU/etc/launcher/drawable-xxhdpi/ic_launcher_ru_maps.png 284817-284819
//my_product/cust/RU/etc/launcher/drawable-xxhdpi/ic_launcher_ru_ok.png 284820-284822
//my_product/cust/RU/etc/launcher/drawable-xxhdpi/ic_launcher_ru_pay.png 284823
//my_product/cust/RU/etc/launcher/drawable-xxhdpi/ic_launcher_ru_rutube.png 284824
//my_product/cust/RU/etc/launcher/drawable-xxhdpi/ic_launcher_ru_searchapp.png 284825
//my_product/cust/RU/etc/launcher/drawable-xxhdpi/ic_launcher_ru_stream.png 284826-284832
//my_product/cust/RU/etc/launcher/drawable-xxhdpi/ic_launcher_ru_vk.png 284833-284834
//my_product/cust/RU/etc/launcher/drawable-xxhdpi/ic_launcher_ru_yandex_searchplugin.png 284835
//my_product/cust/RU/etc/launcher/drawable-xxhdpi/ic_launcher_two_gis.png 284836
//my_product/decouping_wallpaper/styles/inspiration_theme_styles/graffiti/brilliant/aod2lock_brilliant.mp4 284837-284974
//my_product/decouping_wallpaper/styles/inspiration_theme_styles/graffiti/brilliant/aod_brilliant.webp 284975-284983
//my_product/decouping_wallpaper/styles/inspiration_theme_styles/graffiti/brilliant/depth_brilliant.webp 284984-285009
//my_product/decouping_wallpaper/styles/inspiration_theme_styles/graffiti/brilliant/lock2aod_brilliant.mp4 285010-285119
//my_product/decouping_wallpaper/styles/inspiration_theme_styles/graffiti/brilliant/thumbnail_brilliant.webp 285120-285122
//my_product/decouping_wallpaper/styles/inspiration_theme_styles/graffiti/brilliant/thumbnail_brilliant_dark.webp 285123-285125
//my_product/decouping_wallpaper/styles/inspiration_theme_styles/graffiti/cute/aod2lock_cute.mp4 285126-285328
//my_product/decouping_wallpaper/styles/inspiration_theme_styles/graffiti/cute/aod_cute.webp 285329-285330
//my_product/decouping_wallpaper/styles/inspiration_theme_styles/graffiti/cute/depth_cute.webp 285331-285332
//my_product/decouping_wallpaper/styles/inspiration_theme_styles/graffiti/cute/lock2aod_cute.mp4 285333-285477
//my_product/decouping_wallpaper/styles/inspiration_theme_styles/graffiti/cute/thumbnail_cute.webp 285478
//my_product/decouping_wallpaper/styles/inspiration_theme_styles/graffiti/fast/aod2lock_fast.mp4 285479-285566
//my_product/decouping_wallpaper/styles/inspiration_theme_styles/graffiti/fast/aod_fast.webp 285567
//my_product/decouping_wallpaper/styles/inspiration_theme_styles/graffiti/fast/depth_fast.webp 285568-285569
//my_product/decouping_wallpaper/styles/inspiration_theme_styles/graffiti/fast/lock2aod_fast.mp4 285570-285645
//my_product/decouping_wallpaper/styles/inspiration_theme_styles/graffiti/game_on/aod2lock_game_on.mp4 285646-285841
//my_product/decouping_wallpaper/styles/inspiration_theme_styles/graffiti/game_on/aod_game_on.webp 285842-285845
//my_product/decouping_wallpaper/styles/inspiration_theme_styles/graffiti/game_on/depth_game_on.webp 285846-285859
//my_product/decouping_wallpaper/styles/inspiration_theme_styles/graffiti/game_on/lock2aod_game_on.mp4 285860-285975
//my_product/decouping_wallpaper/styles/inspiration_theme_styles/graffiti/game_on/thumbnail_game_on.webp 285976-285977
//my_product/decouping_wallpaper/styles/inspiration_theme_styles/graffiti/game_on/thumbnail_game_on_dark.webp 285978-285979
//my_product/decouping_wallpaper/styles/inspiration_theme_styles/graffiti/keep_moving/aod2lock_keep_moving.mp4 285980-286131
//my_product/decouping_wallpaper/styles/inspiration_theme_styles/graffiti/keep_moving/aod_keep_moving.webp 286132
//my_product/decouping_wallpaper/styles/inspiration_theme_styles/graffiti/keep_moving/depth_keep_moving.webp 286133-286134
//my_product/decouping_wallpaper/styles/inspiration_theme_styles/graffiti/keep_moving/lock2aod_keep_moving.mp4 286135-286236
//my_product/decouping_wallpaper/styles/inspiration_theme_styles/graffiti/keep_moving/thumbnail_keep_moving.webp 286237
//my_product/cust/RU/etc/launcher/drawable/drawable/ic_launcher_ru_app_list.png 286238-286239
//my_product/cust/RU/etc/launcher/drawable/drawable/ic_launcher_ru_assistant.png 286240
//my_product/cust/RU/etc/launcher/drawable/drawable/ic_launcher_ru_crptech.png 286241
//my_product/cust/RU/etc/launcher/drawable/drawable/ic_launcher_ru_crptech_mask.png 286242
//my_product/cust/RU/etc/launcher/drawable/drawable/ic_launcher_ru_disk.png 286243-286248
//my_product/cust/RU/etc/launcher/drawable/drawable/ic_launcher_ru_documents.png 286249-286254
//my_product/cust/RU/etc/launcher/drawable/drawable/ic_launcher_ru_gosuslugi.png 286255-286258
//my_product/cust/RU/etc/launcher/drawable/drawable/ic_launcher_ru_icq.png 286259-286263
//my_product/cust/RU/etc/launcher/drawable/drawable/ic_launcher_ru_kms.png 286264-286271
//my_product/cust/RU/etc/launcher/drawable/drawable/ic_launcher_ru_mail.png 286272-286273
//my_product/cust/RU/etc/launcher/drawable/drawable/ic_launcher_ru_maps.png 286274-286276
//my_product/cust/RU/etc/launcher/drawable/drawable/ic_launcher_ru_ok.png 286277-286279
//my_product/cust/RU/etc/launcher/drawable/drawable/ic_launcher_ru_pay.png 286280
//my_product/cust/RU/etc/launcher/drawable/drawable/ic_launcher_ru_rutube.png 286281
//my_product/cust/RU/etc/launcher/drawable/drawable/ic_launcher_ru_searchapp.png 286282
//my_product/cust/RU/etc/launcher/drawable/drawable/ic_launcher_ru_stream.png 286283-286289
//my_product/cust/RU/etc/launcher/drawable/drawable/ic_launcher_ru_vk.png 286290-286291
//my_product/cust/RU/etc/launcher/drawable/drawable/ic_launcher_ru_yandex_searchplugin.png 286292
//my_product/cust/RU/etc/launcher/drawable/drawable/ic_launcher_two_gis.png 286293
//my_product/cust/RU/etc/launcher/drawable-xxhdpi/drawable-xxhdpi/ic_launcher_ru_app_list.png 286294-286295
//my_product/cust/RU/etc/launcher/drawable-xxhdpi/drawable-xxhdpi/ic_launcher_ru_assistant.png 286296
//my_product/cust/RU/etc/launcher/drawable-xxhdpi/drawable-xxhdpi/ic_launcher_ru_crptech.png 286297
//my_product/cust/RU/etc/launcher/drawable-xxhdpi/drawable-xxhdpi/ic_launcher_ru_crptech_mask.png 286298
//my_product/cust/RU/etc/launcher/drawable-xxhdpi/drawable-xxhdpi/ic_launcher_ru_disk.png 286299-286304
//my_product/cust/RU/etc/launcher/drawable-xxhdpi/drawable-xxhdpi/ic_launcher_ru_documents.png 286305-286310
//my_product/cust/RU/etc/launcher/drawable-xxhdpi/drawable-xxhdpi/ic_launcher_ru_gosuslugi.png 286311-286314
//my_product/cust/RU/etc/launcher/drawable-xxhdpi/drawable-xxhdpi/ic_launcher_ru_icq.png 286315-286319
//my_product/cust/RU/etc/launcher/drawable-xxhdpi/drawable-xxhdpi/ic_launcher_ru_kms.png 286320-286327
//my_product/cust/RU/etc/launcher/drawable-xxhdpi/drawable-xxhdpi/ic_launcher_ru_mail.png 286328-286329
//my_product/cust/RU/etc/launcher/drawable-xxhdpi/drawable-xxhdpi/ic_launcher_ru_maps.png 286330-286332
//my_product/cust/RU/etc/launcher/drawable-xxhdpi/drawable-xxhdpi/ic_launcher_ru_ok.png 286333-286335
//my_product/cust/RU/etc/launcher/drawable-xxhdpi/drawable-xxhdpi/ic_launcher_ru_pay.png 286336
//my_product/cust/RU/etc/launcher/drawable-xxhdpi/drawable-xxhdpi/ic_launcher_ru_rutube.png 286337
//my_product/cust/RU/etc/launcher/drawable-xxhdpi/drawable-xxhdpi/ic_launcher_ru_searchapp.png 286338
//my_product/cust/RU/etc/launcher/drawable-xxhdpi/drawable-xxhdpi/ic_launcher_ru_stream.png 286339-286345
//my_product/cust/RU/etc/launcher/drawable-xxhdpi/drawable-xxhdpi/ic_launcher_ru_vk.png 286346-286347
//my_product/cust/RU/etc/launcher/drawable-xxhdpi/drawable-xxhdpi/ic_launcher_ru_yandex_searchplugin.png 286348
//my_product/cust/RU/etc/launcher/drawable-xxhdpi/drawable-xxhdpi/ic_launcher_two_gis.png 286349
//my_product/priv-app/GmsCore/m/independent/oat/arm64/AndroidPlatformServices.vdex 286350-286412
