//my_preload/del-app/IAA_AquaBlocksPuzzleSeas/com.fullmetalgamedev.aquablockspuzzleseas.apk 1-16411
//my_preload/del-app/IAA_Bubblepop/com.katanlabs.bubblepop.apk 16412-35814
//my_preload/del-app/IAA_DefeatZombie/com.fullmetalgamedev.zombieDefence.apk 35815-48750
//my_preload/del-app/IAA_FruitShooting/com.fullmetalgamedev.fruitshooting.apk 48751-62566
//my_preload/del-app/IAA_MatchEmAll/com.katanlabs.matchballgame.apk 62567-82308
//my_preload/del-app/IAA_SpaceCruises/com.fullmetalgamedev.ultimatecruises.apk 82309-95520
//my_preload/del-app/IAA_TileMatch/com.KatanLabs.tilematchpuzzlemaster.apk 95521-116981
//my_preload/del-app/IAA_WondersofView/com.katanlabs.wordconnectwondersofview.apk 116982-134199
//my_preload/del-app/IAA_Worm.io/com.katanlabs.worm.ioeatemall.apk 134200-147752
//my_preload/del-app/Shortmax/live.shorttv.apps.apk 147753-155522
//my_preload/del-app/linkedin/com.linkedin.android.apk 155523-175224
//my_preload/del-app/netflixstub2.0/com.netflix.mediaclient.apk 175225-175705
//my_preload/del-app/spotify_sea/com.spotify.music.apk 175706-193940
//my_preload/del-app/tiktokeu_musically/com.zhiliaoapp.musically.apk 193941-241099
