/product/bin/init.oplus.nandswap.sh 1-2
/product/bin/nandswap_tool 3-5
/product/etc/NOTICE.xml.gz 6-25
/product/etc/build_flags.json 26-27
/product/lib/libc++.so 28-118
/product/lib/libjni_filtershow_filters.so 119-125
/product/lib/libjni_jpegstream.so 126-187
/product/lib/libjni_jpegutil.so 188-223
/product/lib/libjni_latinime.so 224-322
/product/lib/libjni_tinyplanet.so 323
/product/lib64/libbase.so 324-350
/product/lib64/libc++.so 351-459
/product/lib64/libcutils.so 460-499
/product/lib64/libjni_eglfence.so 500
/product/lib64/libjni_filtershow_filters.so 501-509
/product/lib64/libjni_jpegstream.so 510-584
/product/lib64/libjni_jpegutil.so 585-629
/product/lib64/libjni_latinime.so 630-747
/product/lib64/libjni_tinyplanet.so 748
/product/overlay/CaptivePortalLoginFrameworkOverlay.apk 749-750
/product/overlay/GoogleDocumentsUIOverlay.apk 751-752
/product/overlay/GoogleExtServicesConfigOverlay.apk 753-754
/product/overlay/GoogleHealthFitnessFrameworkOverlay.apk 755-756
/product/overlay/GooglePermissionControllerFrameworkOverlay.apk 757-758
/product/overlay/GooglePermissionControllerOverlay.apk 759-760
/product/overlay/ModuleMetadataGoogleOverlay.apk 761-762
/product/overlay/OplusCarrierConfig.apk 763-797
/product/overlay/framework-res__sys_mssi_64_cn_armv82__auto_generated_rro_product.apk 798-801
/product/app/com.google.android.modulemetadata/com.google.android.modulemetadata.apk 802-806
/product/app/com.google.mainline.adservices/com.google.mainline.adservices.apk 807-809
/product/app/com.google.mainline.telemetry/com.google.mainline.telemetry.apk 810-812
/product/etc/init/init.oplus.nandswap.rc 813
/product/etc/permissions/privapp-permissions-oplus.xml 814-815
/product/etc/sysconfig/google.xml 816
/product/etc/sysconfig/preinstalled-packages-platform-overlays.xml 817
/product/overlay/DisplayCutoutEmulationCorner/DisplayCutoutEmulationCornerOverlay.apk 818-819
/product/overlay/DisplayCutoutEmulationDouble/DisplayCutoutEmulationDoubleOverlay.apk 820-821
/product/overlay/DisplayCutoutEmulationHole/DisplayCutoutEmulationHoleOverlay.apk 822-823
/product/overlay/DisplayCutoutEmulationTall/DisplayCutoutEmulationTallOverlay.apk 824-825
/product/overlay/DisplayCutoutEmulationWaterfall/DisplayCutoutEmulationWaterfallOverlay.apk 826-827
/product/overlay/FontNotoSerifSource/FontNotoSerifSourceOverlay.apk 828-829
/product/overlay/NavigationBarMode3Button/NavigationBarMode3ButtonOverlay.apk 830-831
/product/overlay/NavigationBarModeGestural/NavigationBarModeGesturalOverlay.apk 832-833
/product/overlay/NotesRoleEnabled/NotesRoleEnabledOverlay.apk 834-835
/product/overlay/TransparentNavigationBar/TransparentNavigationBarOverlay.apk 836-837
/product/overlay/WifiSystemResMainlineOverlay/WifiSystemResMainlineOverlay.apk 838-839
/product/overlay/WifiSystemResOverlay/WifiSystemResOverlay.apk 840-841
/product/media/audio/ui/Camera_Timer.ogg 842-843
/product/media/audio/ui/Camera_Timer_2sec.ogg 844-860
/product/media/audio/ui/Dock.ogg 861
/product/media/audio/ui/Effect_Tick.ogg 862
/product/media/audio/ui/InCallNotification.ogg 863
/product/media/audio/ui/KeypressDelete.ogg 864
/product/media/audio/ui/KeypressInvalid.ogg 865
/product/media/audio/ui/KeypressReturn.ogg 866
/product/media/audio/ui/KeypressSpacebar.ogg 867
/product/media/audio/ui/KeypressStandard.ogg 868
/product/media/audio/ui/Lock.ogg 869
/product/media/audio/ui/LowBattery.ogg 870-871
/product/media/audio/ui/Screenshots.ogg 872-873
/product/media/audio/ui/Undock.ogg 874-878
/product/media/audio/ui/Unlock.ogg 879
/product/media/audio/ui/VideoRecord.ogg 880-882
/product/media/audio/ui/camera_click.ogg 883-884
/product/media/audio/ui/camera_click_start.ogg 885-886
/product/media/audio/ui/camera_click_stop.ogg 887-888
/product/media/audio/ui/camera_focus.ogg 889
/product/media/audio/ui/camera_shutter.ogg 890-892
/product/media/audio/ui/charging.ogg 893-894
