/vendor/build.prop 1-3
/vendor/apex/com.android.hardware.cas.apex 4-27
/vendor/apex/com.google.android.widevine.nonupdatable.apex 28-809
/vendor/bin/AgentTest 810-812
/vendor/bin/aee_aedv 813-856
/vendor/bin/aee_aedv64 857-881
/vendor/bin/aee_dumpstatev 882-898
/vendor/bin/aeev 899-901
/vendor/bin/atci_service 902-909
/vendor/bin/atcid 910-923
/vendor/bin/audiocmdservice_atci 924-932
/vendor/bin/autobt 933-936
/vendor/bin/awk 937-957
/vendor/bin/bip 958-974
/vendor/bin/boringssl_self_test64 975
/vendor/bin/ccci_mdinit 976-999
/vendor/bin/ccci_rpcd 1000-1003
/vendor/bin/charon 1004-1005
/vendor/bin/dconfig 1006-1032
/vendor/bin/dexecutor 1033-1038
/vendor/bin/dmabuf_dump 1039-1047
/vendor/bin/dmc_core 1048-1101
/vendor/bin/doeapp-memtester 1102-1105
/vendor/bin/doeapp-sat 1106-1129
/vendor/bin/dramagingftm 1130-1154
/vendor/bin/dreport 1155
/vendor/bin/dtc_vendor 1156-1168
/vendor/bin/dumpsys 1169-1173
/vendor/bin/em_hidl 1174-1184
/vendor/bin/epdg_wod 1185-1202
/vendor/bin/factory 1203-1354
/vendor/bin/flashagingftm 1355-1363
/vendor/bin/fuelgauged 1364
/vendor/bin/fuelgauged_nvram 1365-1366
/vendor/bin/gsm0710muxd 1367-1377
/vendor/bin/hostapd_cli 1378-1388
/vendor/bin/init.oplus.bsp_cpu_dvfs.sh 1389
/vendor/bin/init.oplus.bsp_ddr_freq_check.sh 1390
/vendor/bin/init.oplus.bsp_ddr_vcorefs.sh 1391
/vendor/bin/ipsec_mon 1392-1399
/vendor/bin/jpegtool 1400-1402
/vendor/bin/lib3a.ccu.dm 1403
/vendor/bin/lib3a.ccu.pm 1404-1410
/vendor/bin/loghidlvendorservice 1411-1415
/vendor/bin/logwrapper 1416-1418
/vendor/bin/mcDriverDaemon 1419-1500
/vendor/bin/md_monitor 1501-1548
/vendor/bin/md_monitor_ctrl 1549-1574
/vendor/bin/meta_tst 1575-1614
/vendor/bin/mnld 1615-1701
/vendor/bin/mrdump_tool 1702-1710
/vendor/bin/mt6660_calibration 1711-1714
/vendor/bin/mtk_agpsd 1715-2039
/vendor/bin/mtk_lbs_service 2040
/vendor/bin/mtk_pkm_service 2041
/vendor/bin/mtk_plpath_utils_ota 2042
/vendor/bin/mtk_storageproxyd 2043-2058
/vendor/bin/muxreport 2059-2060
/vendor/bin/netdagent 2061-2069
/vendor/bin/netdc 2070-2073
/vendor/bin/nvram_daemon 2074-2078
/vendor/bin/rcs_volte_stack 2079-2157
/vendor/bin/recordevent 2158-2160
/vendor/bin/replayevent 2161-2162
/vendor/bin/rt5512_calibration 2163-2166
/vendor/bin/rttv 2167
/vendor/bin/sbltestreportftm 2168
/vendor/bin/sh 2169-2222
/vendor/bin/smartpa_nvtest 2223
/vendor/bin/starter 2224-2233
/vendor/bin/stp_dump3 2234-2239
/vendor/bin/stroke 2240-2242
/vendor/bin/swap_enable.sh 2243
/vendor/bin/thermal 2244-2246
/vendor/bin/thermal_manager 2247
/vendor/bin/thermalloadalgod 2248
/vendor/bin/toolbox 2249-2267
/vendor/bin/toybox_vendor 2268-2359
/vendor/bin/trusty-ut-ctrl 2360
/vendor/bin/v3avpud 2361-2363
/vendor/bin/vndservice 2364-2367
/vendor/bin/vndservicemanager 2368-2376
/vendor/bin/volte_clientapi_ua 2377-2381
/vendor/bin/volte_imcb 2382-2461
/vendor/bin/volte_imsm_93 2462-2487
/vendor/bin/volte_md_status 2488-2490
/vendor/bin/volte_rcs_ua 2491-2500
/vendor/bin/volte_stack 2501-2599
/vendor/bin/volte_ua 2600-2800
/vendor/bin/wfca 2801-2810
/vendor/bin/wlan_assistant 2811-2813
/vendor/bin/wmt_launcher 2814-2818
/vendor/bin/wmt_loader 2819-2820
/vendor/bin/wpa_cli 2821-2839
/vendor/etc/AbnormalDisplayLog_dynamic.ds 2840
/vendor/etc/AudioDump_dynamic.ds 2841
/vendor/etc/AudioLog_dynamic.ds 2842
/vendor/etc/NOTICE.xml.gz 2843-2891
/vendor/etc/VideoLog_dynamic.ds 2892
/vendor/etc/aconfig_flags.pb 2893
/vendor/etc/armnn_app.config 2894-2899
/vendor/etc/audio_device.xml 2900
/vendor/etc/audio_effects.xml 2901
/vendor/etc/audio_effects_config.xml 2902
/vendor/etc/audio_policy.conf 2903
/vendor/etc/audio_policy_configuration.xml 2904
/vendor/etc/audio_policy_configuration_bluetooth_legacy_hal.xml 2905
/vendor/etc/audio_policy_volumes.xml 2906
/vendor/etc/aurisys_config.xml 2907
/vendor/etc/aurisys_config_rv.xml 2908
/vendor/etc/build_flags.json 2909-2910
/vendor/etc/command.csv 2911-2913
/vendor/etc/default_volume_tables.xml 2914
/vendor/etc/ecc_list.xml 2915
/vendor/etc/fstab.mt6768 2916
/vendor/etc/le_audio_codec_capabilities.xml 2917
/vendor/etc/media_codecs_c2.xml 2918
/vendor/etc/media_codecs_performance.xml 2919
/vendor/etc/media_profiles_V1_0.xml 2920
/vendor/etc/nnapi_powerhal.json 2921
/vendor/etc/power_app_cfg.xml 2922
/vendor/etc/powercontable.xml 2923
/vendor/etc/powerscntbl.xml 2924
/vendor/etc/task_profiles.json 2925
/vendor/etc/ueventd.rc 2926
/vendor/etc/vendor-apns-conf.xml 2927
/vendor/etc/wfd_source_capability.csv 2928
/vendor/firmware/WIFI_RAM_CODE_soc1_0_1a_1.bin 2929-3035
/vendor/firmware/fs1801.fsm 3036
/vendor/firmware/gt1151_default_firmware2.img 3037-3050
/vendor/firmware/lib3a.ccu 3051-3057
/vendor/firmware/soc1_0_patch_mcu_1a_1_hdr.bin 3058-3062
/vendor/firmware/soc1_0_ram_bt_1a_1_hdr.bin 3063-3154
/vendor/firmware/soc1_0_ram_mcu_1a_1_hdr.bin 3155-3172
/vendor/firmware/soc1_0_ram_wifi_1a_1_hdr.bin 3173-3204
/vendor/lib/AVCSecureVdecCA.so 3205-3208
/vendor/lib/VP9SecureVdecCA.so 3209-3212
/vendor/lib/aladdin_ov02b1b_tuning.so 3213-3257
/vendor/lib/aladdin_ov08d10_tuning.so 3258-3301
/vendor/lib/aladdin_ov50d40_tuning.so 3302-3355
/vendor/lib/android.frameworks.cameraservice.common-V1-ndk.so 3356-3357
/vendor/lib/android.frameworks.cameraservice.device-V2-ndk.so 3358-3366
/vendor/lib/android.frameworks.cameraservice.service-V2-ndk.so 3367-3372
/vendor/lib/android.frameworks.sensorservice-V1-ndk.so 3373-3379
/vendor/lib/android.frameworks.sensorservice@1.0.so 3380-3396
/vendor/lib/android.hardware.audio.common-V3-ndk.so 3397-3399
/vendor/lib/android.hardware.audio.common-util.so 3400
/vendor/lib/android.hardware.audio.common@5.0.so 3401-3402
/vendor/lib/android.hardware.audio.common@6.0-util.so 3403-3404
/vendor/lib/android.hardware.audio.common@6.0.so 3405-3406
/vendor/lib/android.hardware.audio.core-V2-ndk.so 3407-3431
/vendor/lib/android.hardware.audio.core.sounddose-V2-ndk.so 3432-3436
/vendor/lib/android.hardware.audio.effect-V2-ndk.so 3437-3461
/vendor/lib/android.hardware.audio.effect@6.0.so 3462-3550
/vendor/lib/android.hardware.audio@6.0.so 3551-3606
/vendor/lib/android.hardware.bluetooth.audio-V4-ndk.so 3607-3632
/vendor/lib/android.hardware.bluetooth.audio@2.0.so 3633-3648
/vendor/lib/android.hardware.bluetooth.audio@2.1.so 3649-3660
/vendor/lib/android.hardware.common-V2-ndk.so 3661-3662
/vendor/lib/android.hardware.common.fmq-V1-ndk.so 3663
/vendor/lib/android.hardware.graphics.allocator-V2-ndk.so 3664-3668
/vendor/lib/android.hardware.graphics.allocator@2.0.so 3669-3675
/vendor/lib/android.hardware.graphics.allocator@3.0.so 3676-3682
/vendor/lib/android.hardware.graphics.allocator@4.0.so 3683-3689
/vendor/lib/android.hardware.graphics.bufferqueue@1.0.so 3690-3705
/vendor/lib/android.hardware.graphics.bufferqueue@2.0.so 3706-3720
/vendor/lib/android.hardware.graphics.common-V4-ndk.so 3721-3723
/vendor/lib/android.hardware.graphics.common-V5-ndk.so 3724-3726
/vendor/lib/android.hardware.graphics.mapper@2.0.so 3727-3734
/vendor/lib/android.hardware.graphics.mapper@2.1.so 3735-3742
/vendor/lib/android.hardware.graphics.mapper@3.0.so 3743-3751
/vendor/lib/android.hardware.graphics.mapper@4.0.so 3752-3762
/vendor/lib/android.hardware.media.bufferpool2-V2-ndk.so 3763-3770
/vendor/lib/android.hardware.media.bufferpool@2.0.so 3771-3785
/vendor/lib/android.hardware.media.c2-V1-ndk.so 3786-3807
/vendor/lib/android.hardware.media.c2@1.0.so 3808-3849
/vendor/lib/android.hardware.media.c2@1.1.so 3850-3863
/vendor/lib/android.hardware.media.c2@1.2.so 3864-3878
/vendor/lib/android.hardware.media.omx@1.0.so 3879-3910
/vendor/lib/android.hardware.radio@1.0.so 3911-4003
/vendor/lib/android.hardware.radio@1.1.so 4004-4069
/vendor/lib/android.hardware.renderscript@1.0.so 4070-4094
/vendor/lib/android.hardware.sensors-V2-ndk.so 4095-4102
/vendor/lib/android.hardware.sensors@1.0.so 4103-4111
/vendor/lib/android.hardware.soundtrigger3-V2-ndk.so 4112-4118
/vendor/lib/android.hidl.memory.token@1.0.so 4119-4125
/vendor/lib/android.hidl.memory@1.0.so 4126-4135
/vendor/lib/android.hidl.token@1.0-utils.so 4136-4137
/vendor/lib/android.hidl.token@1.0.so 4138-4145
/vendor/lib/android.media.audio.common.types-V3-ndk.so 4146-4153
/vendor/lib/android.media.audio.common.types-V4-ndk.so 4154-4161
/vendor/lib/android.media.soundtrigger.types-V2-ndk.so 4162-4164
/vendor/lib/android.system.suspend-V1-ndk.so 4165-4168
/vendor/lib/android.system.wifi.keystore@1.0.so 4169-4175
/vendor/lib/arm.mali.platform-V2-ndk.so 4176-4179
/vendor/lib/atom_22365_ov02b1b_tuning.so 4180-4224
/vendor/lib/atom_imx355_tuning.so 4225-4279
/vendor/lib/atom_ov02b1b_tuning.so 4280-4324
/vendor/lib/atom_ov50d40_tuning.so 4325-4378
/vendor/lib/atom_s5k5e9yx04_tuning.so 4379-4424
/vendor/lib/gc05a2_mipi_raw_tuning.so 4425-4469
/vendor/lib/gc08a3_mipi_raw_tuning.so 4470-4513
/vendor/lib/hi5022q_mipi_raw23618_tuning.so 4514-4563
/vendor/lib/hi846_mipi_raw_oris_tuning.so 4564-4613
/vendor/lib/imx386_mipi_raw_tuning.so 4614-4654
/vendor/lib/imx398_mipi_raw_tuning.so 4655-4696
/vendor/lib/imx519_mipi_raw_tuning.so 4697-4744
/vendor/lib/libAVCSecureVencCA.so 4745-4747
/vendor/lib/libDefaultFpsActor.so 4748-4749
/vendor/lib/libFrameRecord.so 4750-4796
/vendor/lib/libHEVCdec_sa.ca7.android.so 4797-4863
/vendor/lib/libMcClient.so 4864-4871
/vendor/lib/libMtkSpeechEnh.so 4872-5023
/vendor/lib/libNoFpsActor.so 5024
/vendor/lib/libOpenCL.so 5025-5037
/vendor/lib/libRSCpuRef.so 5038-5076
/vendor/lib/libRSDriver.so 5077-5095
/vendor/lib/libRS_internal.so 5096-5127
/vendor/lib/libSoterProvision.so 5128-5135
/vendor/lib/libTEECommon.so 5136-5143
/vendor/lib/lib_iir.so 5144-5149
/vendor/lib/lib_power_applist.so 5150-5154
/vendor/lib/libaal_cust.so 5155-5157
/vendor/lib/libaal_key.so 5158-5159
/vendor/lib/libaal_sec.so 5160-5250
/vendor/lib/libaalservice.so 5251-5267
/vendor/lib/libaconfig_storage_read_api_cc.so 5268-5280
/vendor/lib/libaedv.so 5281-5291
/vendor/lib/libakm.so 5292-5312
/vendor/lib/libalsautils.so 5313-5315
/vendor/lib/libapmonitor_vendor.so 5316-5320
/vendor/lib/libapu_mdw.so 5321-5337
/vendor/lib/libarm_egl_properties_sysprop.so 5338-5339
/vendor/lib/libarm_gralloc_properties_sysprop.so 5340
/vendor/lib/libarm_mali_config_sysprops.so 5341-5343
/vendor/lib/libarmnn.so 5344-5997
/vendor/lib/libarmnn_ndk.mtk.vndk.so 5998-7077
/vendor/lib/libaudio_aidl_conversion_common_ndk.so 7078-7107
/vendor/lib/libaudio_param_parser-vnd.so 7108-7133
/vendor/lib/libaudioaidlcommon.so 7134-7135
/vendor/lib/libaudiocompensationfilter_vendor.so 7136-7137
/vendor/lib/libaudiocompensationfilterc.so 7138-7140
/vendor/lib/libaudiocomponentengine_vendor.so 7141-7143
/vendor/lib/libaudiocomponentenginec.so 7144-7146
/vendor/lib/libaudiocustparam_vendor.so 7147-7150
/vendor/lib/libaudiodcrflt_vendor.so 7151-7152
/vendor/lib/libaudiofmtconv.so 7153
/vendor/lib/libaudioloudc.so 7154-7157
/vendor/lib/libaudiopolicyconfigxml_mtk_vendor.so 7158-7159
/vendor/lib/libaudioprimarydevicehalifclient.so 7160-7162
/vendor/lib/libaudiosmartpamtk.so 7163-7168
/vendor/lib/libaudioutils.so 7169-7217
/vendor/lib/libaurisysdemo.so 7218-7220
/vendor/lib/libavservices_minijail.so 7221-7222
/vendor/lib/libbase.so 7223-7246
/vendor/lib/libbcinfo.so 7247-7373
/vendor/lib/libbessound_hd_mtk_vendor.so 7374-7385
/vendor/lib/libbinder.so 7386-7458
/vendor/lib/libblas.so 7459-7591
/vendor/lib/libblisrc32_vendor.so 7592-7607
/vendor/lib/libbluetooth_audio_session.so 7608-7618
/vendor/lib/libbluetooth_audio_session_aidl.so 7619-7659
/vendor/lib/libbluetooth_audio_session_mediatek.so 7660-7671
/vendor/lib/libbluetooth_hw_test.so 7672-7674
/vendor/lib/libbluetooth_mtk.so 7675-7682
/vendor/lib/libbluetooth_mtk_pure.so 7683-7687
/vendor/lib/libbluetooth_relayer.so 7688-7689
/vendor/lib/libbluetoothem_mtk.so 7690-7691
/vendor/lib/libbt-vendor.so 7692
/vendor/lib/libbwc.so 7693-7696
/vendor/lib/libc++.so 7697-7787
/vendor/lib/libcam.halsensor.hwintegration.isp4t.so 7788
/vendor/lib/libcamera2ndk_vendor.so 7789-7825
/vendor/lib/libcamera_metadata.so 7826-7833
/vendor/lib/libcap.so 7834-7838
/vendor/lib/libcapctrl.so 7839-7842
/vendor/lib/libcarrierconfig.so 7843-7847
/vendor/lib/libccci_util.so 7848-7852
/vendor/lib/libcmdl.so 7853-7898
/vendor/lib/libcmdl_ndk.mtk.vndk.so 7899-8006
/vendor/lib/libcodec2_aidl.so 8007-8034
/vendor/lib/libcodec2_fsr.so 8035-8052
/vendor/lib/libcodec2_hal_common.so 8053-8062
/vendor/lib/libcodec2_hidl@1.0.so 8063-8096
/vendor/lib/libcodec2_hidl@1.1.so 8097-8108
/vendor/lib/libcodec2_hidl@1.2.so 8109-8121
/vendor/lib/libcodec2_hidl_plugin.so 8122-8136
/vendor/lib/libcodec2_mtk_c2store.so 8137-8146
/vendor/lib/libcodec2_mtk_vdec.so 8147-8336
/vendor/lib/libcodec2_mtk_venc.so 8337-8527
/vendor/lib/libcodec2_soft_common.so 8528-8596
/vendor/lib/libcodec2_vndk.so 8597-8669
/vendor/lib/libcodec2_vpp_fa_plugin.so 8670-8671
/vendor/lib/libcodec2_vpp_mi_plugin.so 8672-8675
/vendor/lib/libcodec2_vpp_qt_plugin.so 8676-8677
/vendor/lib/libcodec2_vpp_rs_plugin.so 8678-8679
/vendor/lib/libcompiler_rt.so 8680-8684
/vendor/lib/libcomposer_ext.so 8685-8703
/vendor/lib/libconnfem.so 8704-8705
/vendor/lib/libcrypto-mdapp.so 8706-8872
/vendor/lib/libcrypto.so 8873-9038
/vendor/lib/libcurl-md.so 9039-9090
/vendor/lib/libcurl.so 9091-9159
/vendor/lib/libcurl_xcap_md.so 9160-9211
/vendor/lib/libcustom_nvram.so 9212-9216
/vendor/lib/libcutils.so 9217-9249
/vendor/lib/libcvsd_mtk.so 9250-9255
/vendor/lib/libdecrypt.so 9256-9257
/vendor/lib/libdmabufheap.so 9258-9266
/vendor/lib/libdrm.so 9267-9276
/vendor/lib/libdynamiclog.so 9277-9280
/vendor/lib/libeffects.so 9281-9284
/vendor/lib/libeffectsconfig.so 9285-9290
/vendor/lib/libexpat.so 9291-9309
/vendor/lib/libfgauge_gm30.so 9310-9331
/vendor/lib/libfile_op.so 9332-9343
/vendor/lib/libflatbuffers-cpp.so 9344-9439
/vendor/lib/libfmq.so 9440-9441
/vendor/lib/libformatter.so 9442-9459
/vendor/lib/libged.so 9460-9470
/vendor/lib/libgpu_aux.so 9471-9483
/vendor/lib/libgpud.so 9484-9510
/vendor/lib/libgpudataproducer.so 9511-9687
/vendor/lib/libgralloc_extra.so 9688-9691
/vendor/lib/libgralloc_metadata.so 9692
/vendor/lib/libgralloctypes.so 9693-9698
/vendor/lib/libgralloctypes_mtk.so 9699-9701
/vendor/lib/libgz_gp_client.so 9702
/vendor/lib/libgz_uree.so 9703-9705
/vendor/lib/libh264dec_sa.ca7.so 9706-9776
/vendor/lib/libh264dec_sd.ca7.so 9777-9837
/vendor/lib/libh264dec_se.ca7.so 9838-9912
/vendor/lib/libhardware.so 9913
/vendor/lib/libhardware_legacy.so 9914-9916
/vendor/lib/libhevce_sb.ca7.android.so 9917-9954
/vendor/lib/libhidlbase.so 9955-10015
/vendor/lib/libhidlmemory.so 10016-10018
/vendor/lib/libhwm.so 10019-10024
/vendor/lib/libicd_decoder.so 10025-10049
/vendor/lib/libimgsensorca.so 10050
/vendor/lib/libion.so 10051
/vendor/lib/libion_mtk.so 10052
/vendor/lib/libipsec_ims_shr.so 10053-10056
/vendor/lib/libispcameraca.so 10057-10061
/vendor/lib/libkeystore-wifi-hidl.so 10062
/vendor/lib/libladder.so 10063-10065
/vendor/lib/liblzma.so 10066-10088
/vendor/lib/libmbrainSDKv.so 10089-10118
/vendor/lib/libmedia_helper.so 10119-10130
/vendor/lib/libmediautils_vendor.so 10131-10148
/vendor/lib/libmemunreachable.so 10149-10175
/vendor/lib/libminijail.so 10176-10195
/vendor/lib/libminiui.so 10196-10312
/vendor/lib/libmmprofile.so 10313
/vendor/lib/libmnetlink_v104.so 10314-10315
/vendor/lib/libmp4enc_sa.ca7.so 10316-10336
/vendor/lib/libmsbc_mtk.so 10337-10339
/vendor/lib/libmtcloader.so 10340-10341
/vendor/lib/libmtk_bsg.so 10342-10353
/vendor/lib/libmtkcutils.so 10354-10356
/vendor/lib/libmtkgpuserv.so 10357-10395
/vendor/lib/libmtkgpuservsdk_vendor.so 10396-10404
/vendor/lib/libmtklimiter_vendor.so 10405-10407
/vendor/lib/libmtknetutils.so 10408-10409
/vendor/lib/libmtkperf_client_vendor.so 10410-10412
/vendor/lib/libmtkproperty.so 10413
/vendor/lib/libmtkrillog.so 10414
/vendor/lib/libmtkshifter_vendor.so 10415
/vendor/lib/libmtkspparser.so 10416-10420
/vendor/lib/libmtksysutils.so 10421-10425
/vendor/lib/libmvpu_config_data.so 10426
/vendor/lib/libmvpu_wrapper.so 10427-10432
/vendor/lib/libnbaio_mono.so 10433-10435
/vendor/lib/libnetutils.so 10436-10440
/vendor/lib/libneuroeara.so 10441-10446
/vendor/lib/libnir_neon_driver_ndk.mtk.vndk.so 10447-11236
/vendor/lib/libnvram.so 11237-11261
/vendor/lib/libnwk_opt_halwrap_vendor.so 11262
/vendor/lib/libpcap.so 11263-11298
/vendor/lib/libperfctl_vendor.so 11299
/vendor/lib/libpixelflinger.so 11300-11321
/vendor/lib/libpkm.so 11322-11394
/vendor/lib/libpng.so 11395-11425
/vendor/lib/libpower_timer.so 11426-11427
/vendor/lib/libpowerhal.so 11428-11481
/vendor/lib/libpowerhalwrap_vendor.so 11482-11487
/vendor/lib/libpq_cust_base.so 11488-11495
/vendor/lib/libpqhdrmetaparser.so 11496-11499
/vendor/lib/libpqsharememory.so 11500-11502
/vendor/lib/libpqtuning.so 11503
/vendor/lib/libpqxmlparser.so 11504-11508
/vendor/lib/libprotobuf-cpp-full-21.12.so 11509-11726
/vendor/lib/libprotobuf-cpp-lite-21.12.so 11727-11774
/vendor/lib/libreference-ril.so 11775-11781
/vendor/lib/librgbwlightsensor.so 11782
/vendor/lib/libril.so 11783-11809
/vendor/lib/librilutils.so 11810
/vendor/lib/librt_extamp_intf.so 11811-11813
/vendor/lib/libruy.so 11814-11819
/vendor/lib/libsdrparser.so 11820
/vendor/lib/libsensorndkbridge.so 11821-11826
/vendor/lib/libsfplugin_ccodec_utils.so 11827-11887
/vendor/lib/libsimlock.so 11888-11890
/vendor/lib/libsimmelock.so 11891-11893
/vendor/lib/libspeech_enh_lib.so 11894-11990
/vendor/lib/libspeechparser_vendor.so 11991-11996
/vendor/lib/libspeexresampler.so 11997-11999
/vendor/lib/libsqlite.so 12000-12145
/vendor/lib/libssl-mdapp.so 12146-12188
/vendor/lib/libssl.so 12189-12240
/vendor/lib/libstagefright_aidl_bufferpool2.so 12241-12258
/vendor/lib/libstagefright_bufferpool@2.0.1.so 12259-12277
/vendor/lib/libstagefright_bufferqueue_helper.so 12278-12312
/vendor/lib/libstagefright_foundation.so 12313-12335
/vendor/lib/libswtcc.so 12336-12382
/vendor/lib/libsysenv.so 12383-12384
/vendor/lib/libsysutils.so 12385-12390
/vendor/lib/libtextclassifier_hash.so 12391-12393
/vendor/lib/libtflite_mtk.so 12394-12887
/vendor/lib/libtflite_mtk_vnd.so 12888-13381
/vendor/lib/libthermalalgo.so 13382-13383
/vendor/lib/libthha.so 13384-13386
/vendor/lib/libtinyalsa.so 13387-13392
/vendor/lib/libtinyxml2.so 13393-13403
/vendor/lib/libudf.so 13404-13411
/vendor/lib/libui.so 13412-13449
/vendor/lib/libunwindstack.so 13450-13529
/vendor/lib/liburee_meta_drmkeyinstall.so 13530-13535
/vendor/lib/libutils.so 13536-13548
/vendor/lib/libutilscallstack.so 13549-13551
/vendor/lib/libutinterface_custom_md.so 13552-13603
/vendor/lib/libutinterface_md.so 13604-13734
/vendor/lib/libvcodec_oal.so 13735-13737
/vendor/lib/libvcodec_utility_v3a.so 13738-13758
/vendor/lib/libvcodecdrv_v3a.so 13759-13910
/vendor/lib/libverno.so 13911
/vendor/lib/libvolte_core_shr.so 13912-13971
/vendor/lib/libvolte_xdmc_shr.so 13972-13977
/vendor/lib/libvp8dec_sa.ca7.so 13978-14018
/vendor/lib/libvp8enc_sa.ca7.so 14019-14055
/vendor/lib/libvp9dec_sa.ca7.so 14056-14110
/vendor/lib/libvpudv3a_vcodec.so 14111-14124
/vendor/lib/libwapi.so 14125-14146
/vendor/lib/libwo.so 14147-14155
/vendor/lib/libwpa_client.so 14156-14158
/vendor/lib/libxml2.so 14159-14300
/vendor/lib/libz.so 14301-14313
/vendor/lib/miami_aac2_ov64b_tuning.so 14314-14368
/vendor/lib/miami_gc02m1_tuning.so 14369-14409
/vendor/lib/miami_ov64b_tuning.so 14410-14464
/vendor/lib/miami_ov8856_tuning.so 14465-14514
/vendor/lib/miami_s5kjn1_tuning.so 14515-14567
/vendor/lib/miami_sc800cs_tuning.so 14568-14616
/vendor/lib/miami_sp2507_tuning.so 14617-14657
/vendor/lib/ov50d40_mipi_raw_oris_tuning.so 14658-14710
/vendor/lib/ov50d40_mipi_raw_orisc_tuning.so 14711-14763
/vendor/lib/ov8856_mipi_raw_tuning.so 14764-14806
/vendor/lib/s5k2l7_mipi_raw_tuning.so 14807-14845
/vendor/lib/s5k2p7_mipi_raw_tuning.so 14846-14891
/vendor/lib/s5k2t7sp_mipi_raw_tuning.so 14892-14937
/vendor/lib/s5k4h7_mipi_raw_tuning.so 14938-14984
/vendor/lib/s5k4h7sub_mipi_raw_tuning.so 14985-15029
/vendor/lib/s5kjn1_mipi_raw_tuning.so 15030-15076
/vendor/lib/sc820cs_mipi_raw23618_tuning.so 15077-15123
/vendor/lib/server_configurable_flags.so 15124-15125
/vendor/lib/soter_attk_provision.so 15126
/vendor/lib/vendor.mediatek.framework.mtksf_ext-V2-ndk.so 15127-15130
/vendor/lib/vendor.mediatek.framework.mtksf_ext-V3-ndk.so 15131-15134
/vendor/lib/vendor.mediatek.hardware.aee@1.0.so 15135-15141
/vendor/lib/vendor.mediatek.hardware.aee@1.1.so 15142-15151
/vendor/lib/vendor.mediatek.hardware.apmonitor-V1-ndk.so 15152-15157
/vendor/lib/vendor.mediatek.hardware.apmonitor@2.0.so 15158-15169
/vendor/lib/vendor.mediatek.hardware.audio-V1-ndk.so 15170-15173
/vendor/lib/vendor.mediatek.hardware.audio@6.1.so 15174-15190
/vendor/lib/vendor.mediatek.hardware.bluetooth.audio-V1-ndk.so 15191-15205
/vendor/lib/vendor.mediatek.hardware.bluetooth.audio@2.1.so 15206-15221
/vendor/lib/vendor.mediatek.hardware.bluetooth.audio@2.2.so 15222-15234
/vendor/lib/vendor.mediatek.hardware.composer_ext-V1-ndk.so 15235-15241
/vendor/lib/vendor.mediatek.hardware.composer_ext@1.0.so 15242-15252
/vendor/lib/vendor.mediatek.hardware.gpuserv-V2-ndk.so 15253-15261
/vendor/lib/vendor.mediatek.hardware.mbrain-V3-ndk.so 15262-15266
/vendor/lib/vendor.mediatek.hardware.mbrain-V6-ndk.so 15267-15271
/vendor/lib/vendor.mediatek.hardware.mbrainj-V1-ndk.so 15272-15274
/vendor/lib/vendor.mediatek.hardware.mdmonitor-V1-ndk.so 15275-15279
/vendor/lib/vendor.mediatek.hardware.mdmonitor@1.0.so 15280-15289
/vendor/lib/vendor.mediatek.hardware.mmagent-V1-ndk.so 15290-15294
/vendor/lib/vendor.mediatek.hardware.mms-V1-ndk.so 15295-15302
/vendor/lib/vendor.mediatek.hardware.mtkpower-V2-ndk.so 15303-15307
/vendor/lib/vendor.mediatek.hardware.mtkpower@1.0.so 15308-15318
/vendor/lib/vendor.mediatek.hardware.mtkpower@1.1.so 15319-15331
/vendor/lib/vendor.mediatek.hardware.mtkpower@1.2.so 15332-15345
/vendor/lib/vendor.mediatek.hardware.mtkpower_applist-V2-ndk.so 15346-15348
/vendor/lib/vendor.mediatek.hardware.netdagent-V1-ndk.so 15349-15351
/vendor/lib/vendor.mediatek.hardware.netdagent@1.0.so 15352-15357
/vendor/lib/vendor.mediatek.hardware.nvram-V1-ndk.so 15358-15362
/vendor/lib/vendor.mediatek.hardware.nwk_opt_new-V1-ndk.so 15363-15365
/vendor/lib/vendor.mediatek.hardware.pq@2.0.so 15366-15380
/vendor/lib/vendor.mediatek.hardware.pq_aidl-V2-ndk.so 15381-15405
/vendor/lib/vendor.mediatek.hardware.pq_aidl-V7-ndk.so 15406-15433
/vendor/lib/vendor.mediatek.hardware.rcs-V1-ndk.so 15434-15437
/vendor/lib/vendor.mediatek.hardware.rcs@2.0.so 15438-15447
/vendor/lib/vendor.mediatek.hardware.videotelephony-V1-ndk.so 15448-15451
/vendor/lib/vpp_hdrmeta_handler_plugin.so 15452-15455
/vendor/lib64/AVCSecureVdecCA.so 15456-15460
/vendor/lib64/VP9SecureVdecCA.so 15461-15464
/vendor/lib64/aladdin_ov02b1b_IdxMgr.so 15465
/vendor/lib64/aladdin_ov02b1b_tuning.so 15466-15511
/vendor/lib64/aladdin_ov08d10_IdxMgr.so 15512
/vendor/lib64/aladdin_ov08d10_tuning.so 15513-15557
/vendor/lib64/aladdin_ov50d40_IdxMgr.so 15558
/vendor/lib64/aladdin_ov50d40_tuning.so 15559-15613
/vendor/lib64/android.frameworks.cameraservice.common-V1-ndk.so 15614-15615
/vendor/lib64/android.frameworks.cameraservice.device-V2-ndk.so 15616-15625
/vendor/lib64/android.frameworks.cameraservice.service-V2-ndk.so 15626-15632
/vendor/lib64/android.frameworks.sensorservice-V1-ndk.so 15633-15640
/vendor/lib64/android.frameworks.sensorservice@1.0.so 15641-15659
/vendor/lib64/android.frameworks.stats-V1-ndk.so 15660-15664
/vendor/lib64/android.frameworks.stats-V2-ndk.so 15665-15671
/vendor/lib64/android.hardware.audio.common-V3-ndk.so 15672-15674
/vendor/lib64/android.hardware.audio.common-util.so 15675-15676
/vendor/lib64/android.hardware.audio.common@5.0.so 15677-15678
/vendor/lib64/android.hardware.audio.common@6.0-util.so 15679-15681
/vendor/lib64/android.hardware.audio.common@6.0.so 15682-15683
/vendor/lib64/android.hardware.audio.core-V2-ndk.so 15684-15711
/vendor/lib64/android.hardware.audio.core-impl-mediatek.so 15712-15897
/vendor/lib64/android.hardware.audio.core.sounddose-V2-ndk.so 15898-15903
/vendor/lib64/android.hardware.audio.effect-V2-ndk.so 15904-15930
/vendor/lib64/android.hardware.audio.effect@6.0.so 15931-16031
/vendor/lib64/android.hardware.audio@6.0.so 16032-16092
/vendor/lib64/android.hardware.bluetooth-V1-ndk.so 16093-16098
/vendor/lib64/android.hardware.bluetooth.audio-V4-ndk.so 16099-16126
/vendor/lib64/android.hardware.bluetooth.audio-impl-mediatek.so 16127-16165
/vendor/lib64/android.hardware.bluetooth.audio@2.0.so 16166-16183
/vendor/lib64/android.hardware.bluetooth.audio@2.1.so 16184-16197
/vendor/lib64/android.hardware.boot-V1-ndk.so 16198-16202
/vendor/lib64/android.hardware.boot@1.0.so 16203-16211
/vendor/lib64/android.hardware.boot@1.1.so 16212-16219
/vendor/lib64/android.hardware.camera.common-V1-ndk.so 16220-16221
/vendor/lib64/android.hardware.camera.common-V2-ndk.so 16222-16223
/vendor/lib64/android.hardware.camera.common@1.0.so 16224
/vendor/lib64/android.hardware.camera.device-V3-ndk.so 16225-16241
/vendor/lib64/android.hardware.camera.device@1.0.so 16242-16264
/vendor/lib64/android.hardware.camera.device@3.2.so 16265-16283
/vendor/lib64/android.hardware.camera.device@3.3.so 16284-16292
/vendor/lib64/android.hardware.camera.device@3.4.so 16293-16306
/vendor/lib64/android.hardware.camera.device@3.5.so 16307-16326
/vendor/lib64/android.hardware.camera.device@3.6.so 16327-16345
/vendor/lib64/android.hardware.camera.metadata-V3-ndk.so 16346
/vendor/lib64/android.hardware.camera.provider-V3-ndk.so 16347-16354
/vendor/lib64/android.hardware.camera.provider@2.4.so 16355-16367
/vendor/lib64/android.hardware.camera.provider@2.5.so 16368-16375
/vendor/lib64/android.hardware.camera.provider@2.6.so 16376-16389
/vendor/lib64/android.hardware.common-V2-ndk.so 16390-16391
/vendor/lib64/android.hardware.common.fmq-V1-ndk.so 16392
/vendor/lib64/android.hardware.contexthub-V3-ndk.so 16393-16401
/vendor/lib64/android.hardware.drm-V1-ndk.so 16402-16418
/vendor/lib64/android.hardware.gatekeeper-V1-ndk.so 16419-16423
/vendor/lib64/android.hardware.gnss-V4-ndk.so 16424-16461
/vendor/lib64/android.hardware.graphics.allocator-V2-ndk.so 16462-16467
/vendor/lib64/android.hardware.graphics.allocator@2.0.so 16468-16475
/vendor/lib64/android.hardware.graphics.allocator@3.0.so 16476-16483
/vendor/lib64/android.hardware.graphics.allocator@4.0.so 16484-16491
/vendor/lib64/android.hardware.graphics.bufferqueue@1.0.so 16492-16509
/vendor/lib64/android.hardware.graphics.bufferqueue@2.0.so 16510-16526
/vendor/lib64/android.hardware.graphics.common-V4-ndk.so 16527-16529
/vendor/lib64/android.hardware.graphics.common-V5-ndk.so 16530-16532
/vendor/lib64/android.hardware.graphics.common@1.0.so 16533
/vendor/lib64/android.hardware.graphics.common@1.1.so 16534
/vendor/lib64/android.hardware.graphics.common@1.2.so 16535
/vendor/lib64/android.hardware.graphics.composer3-V3-ndk.so 16536-16555
/vendor/lib64/android.hardware.graphics.mapper@2.0.so 16556-16564
/vendor/lib64/android.hardware.graphics.mapper@2.1.so 16565-16573
/vendor/lib64/android.hardware.graphics.mapper@3.0.so 16574-16582
/vendor/lib64/android.hardware.graphics.mapper@4.0.so 16583-16593
/vendor/lib64/android.hardware.health-V1-ndk.so 16594-16600
/vendor/lib64/android.hardware.health-V3-ndk.so 16601-16608
/vendor/lib64/android.hardware.light-V1-ndk.so 16609-16613
/vendor/lib64/android.hardware.light-V2-ndk.so 16614-16618
/vendor/lib64/android.hardware.light@2.0.so 16619-16626
/vendor/lib64/android.hardware.media.bufferpool2-V2-ndk.so 16627-16635
/vendor/lib64/android.hardware.media.bufferpool@2.0.so 16636-16653
/vendor/lib64/android.hardware.media.c2-V1-ndk.so 16654-16678
/vendor/lib64/android.hardware.media.c2@1.0.so 16679-16725
/vendor/lib64/android.hardware.media.c2@1.1.so 16726-16741
/vendor/lib64/android.hardware.media.c2@1.2.so 16742-16757
/vendor/lib64/android.hardware.media.omx@1.0.so 16758-16793
/vendor/lib64/android.hardware.media@1.0.so 16794
/vendor/lib64/android.hardware.memtrack-V1-ndk.so 16795-16799
/vendor/lib64/android.hardware.power-V4-ndk.so 16800-16806
/vendor/lib64/android.hardware.power-V5-ndk.so 16807-16814
/vendor/lib64/android.hardware.power-service-mediatek.so 16815-16824
/vendor/lib64/android.hardware.power@1.0.so 16825-16832
/vendor/lib64/android.hardware.power@1.1.so 16833-16840
/vendor/lib64/android.hardware.power@1.2.so 16841-16848
/vendor/lib64/android.hardware.radio-V3-ndk.so 16849
/vendor/lib64/android.hardware.radio.config-V3-ndk.so 16850-16858
/vendor/lib64/android.hardware.radio.data-V3-ndk.so 16859-16873
/vendor/lib64/android.hardware.radio.ims-V2-ndk.so 16874-16881
/vendor/lib64/android.hardware.radio.messaging-V3-ndk.so 16882-16893
/vendor/lib64/android.hardware.radio.modem-V3-ndk.so 16894-16904
/vendor/lib64/android.hardware.radio.network-V3-ndk.so 16905-16927
/vendor/lib64/android.hardware.radio.sap-V1-ndk.so 16928-16934
/vendor/lib64/android.hardware.radio.sim-V3-ndk.so 16935-16951
/vendor/lib64/android.hardware.radio.voice-V3-ndk.so 16952-16968
/vendor/lib64/android.hardware.radio@1.0.so 16969-17072
/vendor/lib64/android.hardware.radio@1.1.so 17073-17150
/vendor/lib64/android.hardware.renderscript@1.0.so 17151-17177
/vendor/lib64/android.hardware.secure_element-V1-ndk.so 17178-17184
/vendor/lib64/android.hardware.security.keymint-V1-ndk.so 17185-17197
/vendor/lib64/android.hardware.security.keymint-V3-ndk.so 17198-17211
/vendor/lib64/android.hardware.security.rkp-V3-ndk.so 17212-17218
/vendor/lib64/android.hardware.security.secureclock-V1-ndk.so 17219-17224
/vendor/lib64/android.hardware.security.sharedsecret-V1-ndk.so 17225-17230
/vendor/lib64/android.hardware.sensors-V2-ndk.so 17231-17239
/vendor/lib64/android.hardware.sensors@1.0.so 17240-17249
/vendor/lib64/android.hardware.sensors@2.0-ScopedWakelock.so 17250
/vendor/lib64/android.hardware.sensors@2.0.so 17251-17265
/vendor/lib64/android.hardware.sensors@2.1.so 17266-17279
/vendor/lib64/android.hardware.soundtrigger3-V1-ndk.so 17280-17287
/vendor/lib64/android.hardware.soundtrigger3-V2-ndk.so 17288-17295
/vendor/lib64/android.hardware.tetheroffload-V1-ndk.so 17296-17302
/vendor/lib64/android.hardware.usb-V1-ndk.so 17303-17310
/vendor/lib64/android.hardware.usb.gadget-V1-ndk.so 17311-17316
/vendor/lib64/android.hardware.wifi-V2-ndk.so 17317-17361
/vendor/lib64/android.hardware.wifi.common-V1-ndk.so 17362
/vendor/lib64/android.hardware.wifi.hostapd-V2-ndk.so 17363-17370
/vendor/lib64/android.hardware.wifi.supplicant-V3-ndk.so 17371-17422
/vendor/lib64/android.hidl.allocator@1.0.so 17423-17430
/vendor/lib64/android.hidl.memory.token@1.0.so 17431-17437
/vendor/lib64/android.hidl.memory@1.0.so 17438-17448
/vendor/lib64/android.hidl.safe_union@1.0.so 17449
/vendor/lib64/android.hidl.token@1.0-utils.so 17450-17451
/vendor/lib64/android.hidl.token@1.0.so 17452-17460
/vendor/lib64/android.media.audio.common.types-V2-ndk.so 17461-17469
/vendor/lib64/android.media.audio.common.types-V3-ndk.so 17470-17478
/vendor/lib64/android.media.audio.common.types-V4-ndk.so 17479-17487
/vendor/lib64/android.media.soundtrigger.types-V1-ndk.so 17488-17490
/vendor/lib64/android.media.soundtrigger.types-V2-ndk.so 17491-17493
/vendor/lib64/android.system.keystore2-V1-ndk.so 17494-17505
/vendor/lib64/android.system.suspend-V1-ndk.so 17506-17510
/vendor/lib64/android.system.suspend@1.0.so 17511-17520
/vendor/lib64/android.system.wifi.keystore@1.0.so 17521-17528
/vendor/lib64/arm.graphics-V5-ndk.so 17529
/vendor/lib64/arm.mali.platform-V2-ndk.so 17530-17535
/vendor/lib64/atom_22365_ov02b1b_IdxMgr.so 17536
/vendor/lib64/atom_22365_ov02b1b_tuning.so 17537-17582
/vendor/lib64/atom_imx355_IdxMgr.so 17583
/vendor/lib64/atom_imx355_tuning.so 17584-17639
/vendor/lib64/atom_ov02b1b_IdxMgr.so 17640
/vendor/lib64/atom_ov02b1b_tuning.so 17641-17686
/vendor/lib64/atom_ov50d40_IdxMgr.so 17687
/vendor/lib64/atom_ov50d40_tuning.so 17688-17742
/vendor/lib64/atom_s5k5e9yx04_IdxMgr.so 17743
/vendor/lib64/atom_s5k5e9yx04_tuning.so 17744-17789
/vendor/lib64/chre_atoms_log.so 17790
/vendor/lib64/chremetrics-cpp.so 17791-17797
/vendor/lib64/gc05a2_mipi_raw_IdxMgr.so 17798
/vendor/lib64/gc05a2_mipi_raw_tuning.so 17799-17844
/vendor/lib64/gc08a3_mipi_raw_IdxMgr.so 17845
/vendor/lib64/gc08a3_mipi_raw_tuning.so 17846-17890
/vendor/lib64/hi5022q_mipi_raw23618_IdxMgr.so 17891
/vendor/lib64/hi5022q_mipi_raw23618_tuning.so 17892-17942
/vendor/lib64/hi846_mipi_raw_oris_IdxMgr.so 17943
/vendor/lib64/hi846_mipi_raw_oris_tuning.so 17944-17994
/vendor/lib64/imx386_mipi_raw_IdxMgr.so 17995
/vendor/lib64/imx386_mipi_raw_tuning.so 17996-18036
/vendor/lib64/imx398_mipi_raw_IdxMgr.so 18037
/vendor/lib64/imx398_mipi_raw_tuning.so 18038-18079
/vendor/lib64/imx519_mipi_raw_IdxMgr.so 18080
/vendor/lib64/imx519_mipi_raw_tuning.so 18081-18129
/vendor/lib64/lib3a.ae.core.so 18130-18157
/vendor/lib64/lib3a.ae.so 18158-18185
/vendor/lib64/lib3a.af.core.so 18186-18222
/vendor/lib64/lib3a.af.so 18223-18272
/vendor/lib64/lib3a.awb.core.so 18273-18289
/vendor/lib64/lib3a.awb.so 18290-18297
/vendor/lib64/lib3a.ccudrv.so 18298-18304
/vendor/lib64/lib3a.ccuif.so 18305-18307
/vendor/lib64/lib3a.flash.so 18308-18384
/vendor/lib64/lib3a.gma.so 18385-18390
/vendor/lib64/lib3a.lce.so 18391-18400
/vendor/lib64/lib3a.log.so 18401
/vendor/lib64/lib3a.n3d3a.so 18402-18410
/vendor/lib64/libAVCSecureVencCA.so 18411-18413
/vendor/lib64/libDR.so 18414-18523
/vendor/lib64/libDefaultFpsActor.so 18524-18525
/vendor/lib64/libFrameRecord.so 18526-18592
/vendor/lib64/libHEVCdec_sa.ca7.android.so 18593-18658
/vendor/lib64/libJpgEncPipe.so 18659-18664
/vendor/lib64/libMcClient.so 18665-18672
/vendor/lib64/libMcTeeSoter.so 18673-18680
/vendor/lib64/libMtkSpeechEnh.so 18681-18851
/vendor/lib64/libMtkSpeechEnh_swb.so 18852-19105
/vendor/lib64/libNoFpsActor.so 19106-19107
/vendor/lib64/libOpenCL.so 19108-19121
/vendor/lib64/libRSCpuRef.so 19122-19167
/vendor/lib64/libRSDriver.so 19168-19189
/vendor/lib64/libRS_internal.so 19190-19227
/vendor/lib64/libSQLiteModule_VER_ALL.so 19228-19546
/vendor/lib64/libSensorSave.so 19547-19551
/vendor/lib64/libSonyIMX230PdafLibrary.so 19552
/vendor/lib64/libSonyIMX230PdafLibraryWrapper.so 19553-19556
/vendor/lib64/libSonyIMX338PdafLibrary.so 19557
/vendor/lib64/libSonyIMX338PdafLibraryWrapper.so 19558-19561
/vendor/lib64/libSonyIMX386PdafLibrary.so 19562
/vendor/lib64/libSonyIMX386PdafLibraryWrapper.so 19563-19566
/vendor/lib64/libSonyIMX519PdafLibrary.so 19567
/vendor/lib64/libSonyIMX519PdafLibraryWrapper.so 19568-19571
/vendor/lib64/libSoterProvision.so 19572-19579
/vendor/lib64/libTEECommon.so 19580-19587
/vendor/lib64/libVDBlurless.so 19588-19956
/vendor/lib64/lib_bsscore.so 19957-19987
/vendor/lib64/lib_iir.so 19988-19994
/vendor/lib64/lib_power_applist.so 19995-20000
/vendor/lib64/libaal_cust.so 20001-20003
/vendor/lib64/libaal_key.so 20004
/vendor/lib64/libaal_sec.so 20005-20116
/vendor/lib64/libaalservice.so 20117-20136
/vendor/lib64/libabfadp.so 20137-20140
/vendor/lib64/libacdk.so 20141-20171
/vendor/lib64/libaconfig_storage_read_api_cc.so 20172-20186
/vendor/lib64/libadsprpc.so 20187
/vendor/lib64/libaedv.so 20188-20199
/vendor/lib64/libagingdeamonftm.so 20200-20205
/vendor/lib64/libaimemc.so 20206-20246
/vendor/lib64/libakm.so 20247-20272
/vendor/lib64/libalsautils.so 20273-20275
/vendor/lib64/libalsautilsv2.so 20276-20278
/vendor/lib64/libapmonitor_vendor.so 20279-20284
/vendor/lib64/libappgamepq.so 20285
/vendor/lib64/libapu_mdw.so 20286-20303
/vendor/lib64/libarm_egl_properties_sysprop.so 20304-20305
/vendor/lib64/libarm_gralloc_properties_sysprop.so 20306-20307
/vendor/lib64/libarm_mali_config_sysprops.so 20308-20311
/vendor/lib64/libarmnn.so 20312-21074
/vendor/lib64/libarmnn_ndk.mtk.vndk.so 21075-22289
/vendor/lib64/libasn1c_core.so 22290-22312
/vendor/lib64/libasn1c_mapi.so 22313-22326
/vendor/lib64/libasn1c_mdmi.so 22327-22371
/vendor/lib64/libaudio_aidl_conversion_common_ndk.so 22372-22407
/vendor/lib64/libaudio_engineer_test.so 22408-22418
/vendor/lib64/libaudio_param_parser-vnd.so 22419-22451
/vendor/lib64/libaudioaidlcommon.so 22452-22453
/vendor/lib64/libaudiocompensationfilter_vendor.so 22454-22455
/vendor/lib64/libaudiocompensationfilterc.so 22456-22458
/vendor/lib64/libaudiocomponentengine_vendor.so 22459-22462
/vendor/lib64/libaudiocomponentenginec.so 22463-22468
/vendor/lib64/libaudiocustparam_vendor.so 22469-22471
/vendor/lib64/libaudiodcrflt_vendor.so 22472-22474
/vendor/lib64/libaudiofmtconv.so 22475-22476
/vendor/lib64/libaudioloudc.so 22477-22481
/vendor/lib64/libaudiopolicyconfigxml_mtk_vendor.so 22482-22483
/vendor/lib64/libaudioprimarydevicehalifclient.so 22484-22487
/vendor/lib64/libaudiosmartpamtk.so 22488-22495
/vendor/lib64/libaudiotoolkit_vendor.so 22496-22497
/vendor/lib64/libaudioutils.so 22498-22554
/vendor/lib64/libaudodiag.so 22555-22556
/vendor/lib64/libaurisysdemo.so 22557-22559
/vendor/lib64/libavservices_minijail.so 22560-22561
/vendor/lib64/libbase.so 22562-22588
/vendor/lib64/libbcinfo.so 22589-22737
/vendor/lib64/libbessound_hd_mtk_vendor.so 22738-22751
/vendor/lib64/libbinder.so 22752-22840
/vendor/lib64/libbinderdebug.so 22841-22851
/vendor/lib64/libblas.so 22852-23088
/vendor/lib64/libblisrc32_vendor.so 23089-23106
/vendor/lib64/libbluetooth_audio_session.so 23107-23118
/vendor/lib64/libbluetooth_audio_session_aidl.so 23119-23165
/vendor/lib64/libbluetooth_audio_session_aidl_mtk.so 23166-23211
/vendor/lib64/libbluetooth_audio_session_mediatek.so 23212-23224
/vendor/lib64/libbluetooth_hw_test.so 23225-23228
/vendor/lib64/libbluetooth_mtk.so 23229-23237
/vendor/lib64/libbluetooth_mtk_pure.so 23238-23243
/vendor/lib64/libbluetooth_relayer.so 23244-23245
/vendor/lib64/libbluetoothem_mtk.so 23246-23247
/vendor/lib64/libbt-vendor.so 23248
/vendor/lib64/libbwc.so 23249-23252
/vendor/lib64/libc++.so 23253-23361
/vendor/lib64/libcam.chdr.so 23362-23364
/vendor/lib64/libcam.feature_utils.so 23365-23407
/vendor/lib64/libcam.hal3a.cctsvr.so 23408-23428
/vendor/lib64/libcam.hal3a.log.so 23429
/vendor/lib64/libcam.hal3a.v3.dng.so 23430-23433
/vendor/lib64/libcam.hal3a.v3.lsctbl.so 23434-23439
/vendor/lib64/libcam.hal3a.v3.nvram.so 23440-23446
/vendor/lib64/libcam.hal3a.v3.so 23447-23825
/vendor/lib64/libcam.halisp.so 23826-23828
/vendor/lib64/libcam.halsensor.hwintegration.isp4t.so 23829
/vendor/lib64/libcam.halsensor.so 23830-23944
/vendor/lib64/libcam.iopipe.so 23945-24014
/vendor/lib64/libcam.lcs.so 24015-24018
/vendor/lib64/libcam.pdtblgen.so 24019-24024
/vendor/lib64/libcam.utils.sensorprovider.so 24025-24039
/vendor/lib64/libcam.vhdr.so 24040-24049
/vendor/lib64/libcamalgo.3dnr.so 24050-24062
/vendor/lib64/libcamalgo.abf.so 24063-24071
/vendor/lib64/libcamalgo.dngop.so 24072-24076
/vendor/lib64/libcamalgo.eis.so 24077-24151
/vendor/lib64/libcamalgo.fdft.so 24152-25428
/vendor/lib64/libcamalgo.flicker.so 25429-25443
/vendor/lib64/libcamalgo.fsc.so 25444-25447
/vendor/lib64/libcamalgo.gyro.so 25448-25465
/vendor/lib64/libcamalgo.ispfeature.so 25466-25494
/vendor/lib64/libcamalgo.lmv.so 25495-25502
/vendor/lib64/libcamalgo.lsc.so 25503-25563
/vendor/lib64/libcamalgo.mfnr.so 25564-25598
/vendor/lib64/libcamalgo.n3d.so 25599-25671
/vendor/lib64/libcamalgo.nr.so 25672-25719
/vendor/lib64/libcamalgo.platform.so 25720-25726
/vendor/lib64/libcamalgo.platform2.so 25727-25734
/vendor/lib64/libcamalgo.utility.so 25735-25756
/vendor/lib64/libcamalgo.vsf.so 25757-25834
/vendor/lib64/libcamalgo.warp.so 25835-25842
/vendor/lib64/libcamdrv_isp.so 25843-25864
/vendor/lib64/libcamdrv_tuning_mgr.so 25865-25871
/vendor/lib64/libcamdrv_twin.so 25872-25891
/vendor/lib64/libcamera.customfd.so 25892
/vendor/lib64/libcamera2ndk_vendor.so 25893-25935
/vendor/lib64/libcamera_core_hwi.so 25936-25955
/vendor/lib64/libcamera_metadata.so 25956-25962
/vendor/lib64/libcamera_sendextdata.so 25963-25965
/vendor/lib64/libcameracustom.eis.so 25966-25967
/vendor/lib64/libcameracustom.so 25968-26120
/vendor/lib64/libcap.so 26121-26127
/vendor/lib64/libcapctrl.so 26128-26132
/vendor/lib64/libcarrierconfig.so 26133-26138
/vendor/lib64/libccci_util.so 26139-26144
/vendor/lib64/libcdsprpc.so 26145
/vendor/lib64/libcharon-ss.so 26146-26235
/vendor/lib64/libchromanr.so 26236
/vendor/lib64/libclang_rt.ubsan_standalone-aarch64-android.so 26237-26310
/vendor/lib64/libcmdl.so 26311-26364
/vendor/lib64/libcmdl_ndk.mtk.vndk.so 26365-26494
/vendor/lib64/libcodec2.so 26495
/vendor/lib64/libcodec2_aidl.so 26496-26528
/vendor/lib64/libcodec2_fsr.so 26529-26548
/vendor/lib64/libcodec2_hal_common.so 26549-26560
/vendor/lib64/libcodec2_hidl@1.0.so 26561-26600
/vendor/lib64/libcodec2_hidl@1.1.so 26601-26615
/vendor/lib64/libcodec2_hidl@1.2.so 26616-26630
/vendor/lib64/libcodec2_hidl_plugin.so 26631-26648
/vendor/lib64/libcodec2_mtk_c2store.so 26649-26660
/vendor/lib64/libcodec2_mtk_vdec.so 26661-26884
/vendor/lib64/libcodec2_mtk_venc.so 26885-27107
/vendor/lib64/libcodec2_soft_common.so 27108-27192
/vendor/lib64/libcodec2_vndk.so 27193-27277
/vendor/lib64/libcodec2_vpp_fa_plugin.so 27278-27280
/vendor/lib64/libcodec2_vpp_mi_plugin.so 27281-27284
/vendor/lib64/libcodec2_vpp_qt_plugin.so 27285-27287
/vendor/lib64/libcodec2_vpp_rs_plugin.so 27288-27290
/vendor/lib64/libcompiler_rt.so 27291-27298
/vendor/lib64/libcomposer_ext.so 27299-27320
/vendor/lib64/libconnfem.so 27321-27322
/vendor/lib64/libcrypto-mdapp.so 27323-27521
/vendor/lib64/libcrypto.so 27522-27733
/vendor/lib64/libcurl-md.so 27734-27793
/vendor/lib64/libcurl.so 27794-27877
/vendor/lib64/libcurl_xcap_md.so 27878-27937
/vendor/lib64/libcustom_nvram.so 27938-27942
/vendor/lib64/libcustomer_cameradata.so 27943-27959
/vendor/lib64/libcustomer_testvision.so 27960
/vendor/lib64/libcutils.so 27961-28000
/vendor/lib64/libcvsd_mtk.so 28001-28010
/vendor/lib64/libdecrypt.so 28011-28013
/vendor/lib64/libdmabufheap.so 28014-28025
/vendor/lib64/libdrm.so 28026-28037
/vendor/lib64/libdumpstateutil.so 28038-28041
/vendor/lib64/libdynamiclog.so 28042-28046
/vendor/lib64/libeffecthal.base.so 28047-28052
/vendor/lib64/libeffects.so 28053-28057
/vendor/lib64/libeffectsconfig.so 28058-28063
/vendor/lib64/libexif.so 28064-28077
/vendor/lib64/libexpat.so 28078-28102
/vendor/lib64/libfeature.face.so 28103-28112
/vendor/lib64/libfeature.stereo.provider.so 28113-28219
/vendor/lib64/libfeature.vsdof.hal.so 28220-28270
/vendor/lib64/libfeature_3dnr.so 28271-28281
/vendor/lib64/libfeature_eis.so 28282-28328
/vendor/lib64/libfeature_fsc.so 28329-28332
/vendor/lib64/libfeature_lmv.so 28333-28346
/vendor/lib64/libfeature_rss.so 28347-28348
/vendor/lib64/libfeatureiodrv_mem.so 28349-28370
/vendor/lib64/libfft_vendor.so 28371-28375
/vendor/lib64/libfgauge_gm30.so 28376-28403
/vendor/lib64/libfile_op.so 28404-28415
/vendor/lib64/libflatbuffers-cpp.so 28416-28532
/vendor/lib64/libfmq.so 28533-28534
/vendor/lib64/libforkexecwrap.so 28535-28536
/vendor/lib64/libformatter.so 28537-28555
/vendor/lib64/libgamehdr.so 28556
/vendor/lib64/libged.so 28557-28567
/vendor/lib64/libgpu_aux.so 28568-28582
/vendor/lib64/libgpud.so 28583-28608
/vendor/lib64/libgpudataproducer.so 28609-28795
/vendor/lib64/libgralloc_extra.so 28796-28799
/vendor/lib64/libgralloc_metadata.so 28800-28801
/vendor/lib64/libgralloctypes.so 28802-28809
/vendor/lib64/libgralloctypes_mtk.so 28810-28811
/vendor/lib64/libgwsdv2-ril.so 28812-28817
/vendor/lib64/libgz_gp_client.so 28818
/vendor/lib64/libgz_uree.so 28819-28821
/vendor/lib64/libh264dec_customize.so 28822
/vendor/lib64/libh264dec_sa.ca7.so 28823-28885
/vendor/lib64/libh264dec_sd.ca7.so 28886-28941
/vendor/lib64/libh264dec_se.ca7.so 28942-29007
/vendor/lib64/libhardware.so 29008
/vendor/lib64/libhardware_legacy.so 29009-29012
/vendor/lib64/libheichal.so 29013-29017
/vendor/lib64/libhevce_sb.ca7.android.so 29018-29068
/vendor/lib64/libhfmanager.so 29069-29074
/vendor/lib64/libhfmanagerwrapper.so 29075
/vendor/lib64/libhidlbase.so 29076-29147
/vendor/lib64/libhidlmemory.so 29148-29150
/vendor/lib64/libhidltransport.so 29151
/vendor/lib64/libhidparser.so 29152-29160
/vendor/lib64/libhwbinder.so 29161
/vendor/lib64/libhwconfigurationutil.so 29162-29171
/vendor/lib64/libhwm-oplus-odm-1.0.so 29172-29178
/vendor/lib64/libhwm.so 29179-29184
/vendor/lib64/libhydra.so 29185-29196
/vendor/lib64/libicd_decoder.so 29197-29224
/vendor/lib64/libifcutils_mtk.so 29225
/vendor/lib64/libimageio.so 29226
/vendor/lib64/libimageio_plat_drv.so 29227-29328
/vendor/lib64/libimageio_plat_pipe.so 29329-29368
/vendor/lib64/libimgsensorca.so 29369
/vendor/lib64/libion.so 29370-29371
/vendor/lib64/libion_mtk.so 29372-29373
/vendor/lib64/libion_ulit.so 29374
/vendor/lib64/libipsec_ims_shr.so 29375-29378
/vendor/lib64/libispcameraca.so 29379-29384
/vendor/lib64/libjpeg-alpha-oal_vendor.so 29385-29387
/vendor/lib64/libjpeg-alpha_vendor.so 29388-29441
/vendor/lib64/libjpeg.so 29442-29501
/vendor/lib64/libjsoncpp.so 29502-29525
/vendor/lib64/libkeystore-engine-wifi-hidl.so 29526-29531
/vendor/lib64/libkeystore-wifi-hidl.so 29532-29533
/vendor/lib64/libkmsetkey.so 29534-29537
/vendor/lib64/libktvdrc.so 29538-29539
/vendor/lib64/libktveffect.so 29540-29558
/vendor/lib64/libktveffect_rec.so 29559-29609
/vendor/lib64/libktveq.so 29610-29611
/vendor/lib64/libktvns.so 29612-29616
/vendor/lib64/libktvreverb.so 29617-29618
/vendor/lib64/libktvsoundtouch.so 29619-29645
/vendor/lib64/libktvvolume.so 29646
/vendor/lib64/libladder.so 29647-29650
/vendor/lib64/liblpcnr.so 29651
/vendor/lib64/liblzma.so 29652-29682
/vendor/lib64/libmbrainSDKv.so 29683-29719
/vendor/lib64/libmedia_helper.so 29720-29732
/vendor/lib64/libmediautils_vendor.so 29733-29754
/vendor/lib64/libmeminfo.so 29755-29766
/vendor/lib64/libmemunreachable.so 29767-29798
/vendor/lib64/libmfllcore.so 29799-29852
/vendor/lib64/libmidasserviceintf_aidl.so 29853-29857
/vendor/lib64/libminijail.so 29858-29879
/vendor/lib64/libminiui.so 29880-29997
/vendor/lib64/libmipc.so 29998-30007
/vendor/lib64/libmmprofile.so 30008-30009
/vendor/lib64/libmnetlink_v104.so 30010-30012
/vendor/lib64/libmnl.so 30013-31361
/vendor/lib64/libmp4enc_sa.ca7.so 31362-31386
/vendor/lib64/libmsbc_mtk.so 31387-31390
/vendor/lib64/libmsnr.so 31391
/vendor/lib64/libmtcloader.so 31392-31394
/vendor/lib64/libmtk-fusion-ril-prop-vsim.so 31395
/vendor/lib64/libmtk-ril.so 31396-31943
/vendor/lib64/libmtk_bsg.so 31944-31956
/vendor/lib64/libmtkcam.atmseventmgr.so 31957-31958
/vendor/lib64/libmtkcam.debugwrapper.so 31959
/vendor/lib64/libmtkcam.eventcallback.so 31960-31961
/vendor/lib64/libmtkcam.featurepipe.capture.so 31962-32150
/vendor/lib64/libmtkcam.featurepipe.depthmap.so 32151-32283
/vendor/lib64/libmtkcam.featurepipe.streaming.so 32284-32529
/vendor/lib64/libmtkcam.featurepipe.vsdof_util.so 32530-32539
/vendor/lib64/libmtkcam.logicalmodule.so 32540-32630
/vendor/lib64/libmtkcam_3rdparty.arc.sateis.custom.so 32631-32641
/vendor/lib64/libmtkcam_3rdparty.core.so 32642-32668
/vendor/lib64/libmtkcam_3rdparty.customer.so 32669-32758
/vendor/lib64/libmtkcam_3rdparty.mtk.so 32759-32836
/vendor/lib64/libmtkcam_3rdparty.so 32837-32838
/vendor/lib64/libmtkcam_calibration_convertor.so 32839-32843
/vendor/lib64/libmtkcam_calibration_provider.so 32844-32861
/vendor/lib64/libmtkcam_debugutils.so 32862-32870
/vendor/lib64/libmtkcam_device3_app.so 32871-32915
/vendor/lib64/libmtkcam_device3_hal.so 32916-32977
/vendor/lib64/libmtkcam_device3_hidl.so 32978-32998
/vendor/lib64/libmtkcam_device3_hidlutils.so 32999-33005
/vendor/lib64/libmtkcam_device3_utils.so 33006-33044
/vendor/lib64/libmtkcam_devicesessionpolicy.so 33045-33052
/vendor/lib64/libmtkcam_diputils.so 33053
/vendor/lib64/libmtkcam_dpe.so 33054-33064
/vendor/lib64/libmtkcam_exif.so 33065-33074
/vendor/lib64/libmtkcam_fdvt.so 33075-33367
/vendor/lib64/libmtkcam_featurepolicy.so 33368-33437
/vendor/lib64/libmtkcam_featureutils.so 33438-33442
/vendor/lib64/libmtkcam_fwkutils.so 33443-33450
/vendor/lib64/libmtkcam_grallocutils.so 33451-33465
/vendor/lib64/libmtkcam_hal_aidl_common.so 33466-33480
/vendor/lib64/libmtkcam_hal_aidl_device.so 33481-33508
/vendor/lib64/libmtkcam_hal_aidl_provider.so 33509-33526
/vendor/lib64/libmtkcam_hal_aidl_utils.so 33527-33533
/vendor/lib64/libmtkcam_hwnode.so 33534-33843
/vendor/lib64/libmtkcam_hwutils.so 33844-33887
/vendor/lib64/libmtkcam_imem.so 33888-33892
/vendor/lib64/libmtkcam_imgbuf.so 33893-33928
/vendor/lib64/libmtkcam_metadata.so 33929-33954
/vendor/lib64/libmtkcam_metastore.so 33955-34055
/vendor/lib64/libmtkcam_modulefactory_aaa.so 34056-34057
/vendor/lib64/libmtkcam_modulefactory_custom.so 34058-34059
/vendor/lib64/libmtkcam_modulefactory_drv.so 34060-34061
/vendor/lib64/libmtkcam_modulefactory_utils.so 34062-34063
/vendor/lib64/libmtkcam_modulehelper.so 34064-34065
/vendor/lib64/libmtkcam_pipeline.so 34066-34125
/vendor/lib64/libmtkcam_pipeline_fbm.so 34126-34145
/vendor/lib64/libmtkcam_pipelinemodel.so 34146-34155
/vendor/lib64/libmtkcam_pipelinemodel_adapter.so 34156-34160
/vendor/lib64/libmtkcam_pipelinemodel_capture.so 34161-34168
/vendor/lib64/libmtkcam_pipelinemodel_isp.so 34169-34201
/vendor/lib64/libmtkcam_pipelinemodel_session.so 34202-34273
/vendor/lib64/libmtkcam_pipelinemodel_utils.so 34274-34307
/vendor/lib64/libmtkcam_pipelinemodel_zsl.so 34308-34330
/vendor/lib64/libmtkcam_pipelinepolicy-aov.so 34331-34336
/vendor/lib64/libmtkcam_pipelinepolicy-security.so 34337-34339
/vendor/lib64/libmtkcam_pipelinepolicy-smvr.so 34340-34351
/vendor/lib64/libmtkcam_pipelinepolicy.so 34352-34454
/vendor/lib64/libmtkcam_pipelinepolicy_factory.so 34455-34459
/vendor/lib64/libmtkcam_prerelease.so 34460-34467
/vendor/lib64/libmtkcam_rsc.so 34468-34474
/vendor/lib64/libmtkcam_scenariorecorder.so 34475-34484
/vendor/lib64/libmtkcam_stdutils.so 34485-34498
/vendor/lib64/libmtkcam_streamutils.so 34499-34525
/vendor/lib64/libmtkcam_synchelper.so 34526-34539
/vendor/lib64/libmtkcam_sysutils.so 34540-34551
/vendor/lib64/libmtkcam_tuning_utils.so 34552-34564
/vendor/lib64/libmtkcam_ulog.so 34565-34595
/vendor/lib64/libmtkconfig.so 34596-34597
/vendor/lib64/libmtkconfigutils.so 34598
/vendor/lib64/libmtkcutils.so 34599-34602
/vendor/lib64/libmtkgpuserv.so 34603-34647
/vendor/lib64/libmtkgpuservsdk_vendor.so 34648-34657
/vendor/lib64/libmtkhardware_legacy.so 34658
/vendor/lib64/libmtkisp_metadata_v3.so 34659-34660
/vendor/lib64/libmtklimiter_vendor.so 34661-34665
/vendor/lib64/libmtkmipc-ril.so 34666-35110
/vendor/lib64/libmtknetcap.so 35111
/vendor/lib64/libmtknetutils.so 35112-35114
/vendor/lib64/libmtkperf_client_vendor.so 35115-35117
/vendor/lib64/libmtkproperty.so 35118-35119
/vendor/lib64/libmtkrillog.so 35120
/vendor/lib64/libmtkrilutils.so 35121-35143
/vendor/lib64/libmtkshifter_vendor.so 35144-35146
/vendor/lib64/libmtkspparser.so 35147-35151
/vendor/lib64/libmtkspparser_swb.so 35152-35156
/vendor/lib64/libmtksysutils.so 35157-35163
/vendor/lib64/libmtktinyxml.so 35164-35171
/vendor/lib64/libmtkutils.so 35172-35194
/vendor/lib64/libmvpu_config_data.so 35195
/vendor/lib64/libmvpu_wrapper.so 35196-35202
/vendor/lib64/libnbaio_mono.so 35203-35205
/vendor/lib64/libnetutils.so 35206-35210
/vendor/lib64/libneuralnetworks_sl_driver_mtk_legacy_prebuilt.so 35211-35467
/vendor/lib64/libneuroeara.so 35468-35474
/vendor/lib64/libnir_neon_driver_ndk.mtk.vndk.so 35475-36474
/vendor/lib64/libnl.so 36475-36509
/vendor/lib64/libnputils.so 36510-36511
/vendor/lib64/libnvram.so 36512-36540
/vendor/lib64/libnvram_sec.so 36541
/vendor/lib64/libnwk_opt_halwrap_vendor.so 36542-36543
/vendor/lib64/libnxp_extamp_intf.so 36544
/vendor/lib64/libocam_common.so 36545-36549
/vendor/lib64/liboplus.aishutter.so 36550-36552
/vendor/lib64/liboplus_audio_config.so 36553-36554
/vendor/lib64/liboplus_mtkcam_lightsensorprovider.so 36555-36564
/vendor/lib64/liboplus_platform_hwi.so 36565-36567
/vendor/lib64/liboppo_arcSoftBokehEngine.so 36568-36571
/vendor/lib64/libosensenativeproxy_client.so 36572-36574
/vendor/lib64/libpcap.so 36575-36617
/vendor/lib64/libpcdbi.so 36618
/vendor/lib64/libpcdmr.so 36619
/vendor/lib64/libperfctl_vendor.so 36620-36621
/vendor/lib64/libpixelflinger.so 36622-36648
/vendor/lib64/libpkm.so 36649-36738
/vendor/lib64/libpng.so 36739-36782
/vendor/lib64/libpower.so 36783-36786
/vendor/lib64/libpower_timer.so 36787-36789
/vendor/lib64/libpowerhal.so 36790-36857
/vendor/lib64/libpowerhalwrap_vendor.so 36858-36864
/vendor/lib64/libpq_cust_base.so 36865-36872
/vendor/lib64/libpqframework.so 36873
/vendor/lib64/libpqhdrmetaparser.so 36874-36879
/vendor/lib64/libpqsharememory.so 36880-36882
/vendor/lib64/libpqtuning.so 36883-36884
/vendor/lib64/libpqxmlparser.so 36885-36889
/vendor/lib64/libprocessgroup.so 36890-36935
/vendor/lib64/libprocinfo.so 36936-36937
/vendor/lib64/libprotobuf-cpp-full-21.12.so 36938-37198
/vendor/lib64/libprotobuf-cpp-lite-21.12.so 37199-37254
/vendor/lib64/libratconfig.so 37255
/vendor/lib64/librcs_volte_core.so 37256-37314
/vendor/lib64/libreference-ril.so 37315-37322
/vendor/lib64/librgbwlightsensor.so 37323-37324
/vendor/lib64/libril.so 37325-37357
/vendor/lib64/librilfusion.so 37358-37481
/vendor/lib64/librilutils.so 37482
/vendor/lib64/librt_extamp_intf.so 37483-37485
/vendor/lib64/libruy.so 37486-37495
/vendor/lib64/libsdrparser.so 37496
/vendor/lib64/libsensor_custom.so 37497
/vendor/lib64/libsensorndkbridge.so 37498-37504
/vendor/lib64/libsfplugin_ccodec_utils.so 37505-37580
/vendor/lib64/libsilkybrightnesscore.so 37581-37583
/vendor/lib64/libsimaka.so 37584-37587
/vendor/lib64/libsimlock.so 37588-37590
/vendor/lib64/libsimmelock.so 37591-37593
/vendor/lib64/libspeech_enh_lib.so 37594-37705
/vendor/lib64/libspeechparser_vendor.so 37706-37711
/vendor/lib64/libspeexresampler.so 37712-37715
/vendor/lib64/libsqlite.so 37716-37897
/vendor/lib64/libssl-mdapp.so 37898-37946
/vendor/lib64/libssl.so 37947-38008
/vendor/lib64/libstagefright_aidl_bufferpool2.so 38009-38028
/vendor/lib64/libstagefright_bufferpool@2.0.1.so 38029-38051
/vendor/lib64/libstagefright_bufferqueue_helper.so 38052-38094
/vendor/lib64/libstagefright_foundation.so 38095-38122
/vendor/lib64/libstereoinfoaccessor_vsdof.so 38123-38209
/vendor/lib64/libstorage_otp.so 38210-38213
/vendor/lib64/libstrongswan.so 38214-38281
/vendor/lib64/libswtcc.so 38282-38328
/vendor/lib64/libsysenv.so 38329-38330
/vendor/lib64/libsysutils.so 38331-38337
/vendor/lib64/libtextclassifier_hash.so 38338-38340
/vendor/lib64/libtflite_mtk.so 38341-38997
/vendor/lib64/libtflite_mtk_vnd.so 38998-39654
/vendor/lib64/libthermalalgo.so 39655-39656
/vendor/lib64/libthha.so 39657
/vendor/lib64/libtinyalsa.so 39658-39664
/vendor/lib64/libtinyalsav2.so 39665-39672
/vendor/lib64/libtinycompress.so 39673-39675
/vendor/lib64/libtinyxml2.so 39676-39688
/vendor/lib64/libtranslator_mapi_v3.0.so 39689-39739
/vendor/lib64/libtranslator_mdmi_v2.8.2.so 39740-39796
/vendor/lib64/libtranslator_utils.so 39797-39827
/vendor/lib64/libtrm.so 39828-39829
/vendor/lib64/libtrusty.so 39830
/vendor/lib64/libudf.so 39831-39839
/vendor/lib64/libui.so 39840-39884
/vendor/lib64/libunwindstack.so 39885-39973
/vendor/lib64/liburee_meta_drmkeyinstall.so 39974-39979
/vendor/lib64/libutils.so 39980-39996
/vendor/lib64/libutilscallstack.so 39997-40000
/vendor/lib64/libutinterface_custom_md.so 40001-40054
/vendor/lib64/libutinterface_md.so 40055-40209
/vendor/lib64/libvcodec_oal.so 40210-40213
/vendor/lib64/libvcodec_utility_v3a.so 40214-40238
/vendor/lib64/libvcodecdrv_header_stub.so 40239
/vendor/lib64/libvcodecdrv_v3a.so 40240-40416
/vendor/lib64/libverno.so 40417
/vendor/lib64/libvia-ril.so 40418-40420
/vendor/lib64/libviamipc-ril.so 40421-40422
/vendor/lib64/libvibratorutils.so 40423
/vendor/lib64/libvp8dec_sa.ca7.so 40424-40465
/vendor/lib64/libvp9dec_sa.ca7.so 40466-40527
/vendor/lib64/libvpu5.so 40528
/vendor/lib64/libwapi.so 40529-40552
/vendor/lib64/libwifi-hal.so 40553-40584
/vendor/lib64/libwifi-system-iface.so 40585-40586
/vendor/lib64/libwifical.so 40587-40591
/vendor/lib64/libwifinvram.so 40592-40606
/vendor/lib64/libwifinvramdata.so 40607
/vendor/lib64/libwifitest.so 40608-40617
/vendor/lib64/libwo.so 40618-40624
/vendor/lib64/libwpa_client.so 40625-40628
/vendor/lib64/libwpfa.so 40629-40652
/vendor/lib64/libxml2.so 40653-40824
/vendor/lib64/libz.so 40825-40844
/vendor/lib64/meta_wifi_data.so 40845
/vendor/lib64/miami_aac2_ov64b_IdxMgr.so 40846
/vendor/lib64/miami_aac2_ov64b_tuning.so 40847-40902
/vendor/lib64/miami_gc02m1_IdxMgr.so 40903
/vendor/lib64/miami_gc02m1_tuning.so 40904-40945
/vendor/lib64/miami_ov64b_IdxMgr.so 40946
/vendor/lib64/miami_ov64b_tuning.so 40947-41002
/vendor/lib64/miami_ov8856_IdxMgr.so 41003
/vendor/lib64/miami_ov8856_tuning.so 41004-41054
/vendor/lib64/miami_s5kjn1_IdxMgr.so 41055
/vendor/lib64/miami_s5kjn1_tuning.so 41056-41109
/vendor/lib64/miami_sc800cs_IdxMgr.so 41110
/vendor/lib64/miami_sc800cs_tuning.so 41111-41160
/vendor/lib64/miami_sp2507_IdxMgr.so 41161
/vendor/lib64/miami_sp2507_tuning.so 41162-41203
/vendor/lib64/mtk_lbs_service-impl.so 41204-41217
/vendor/lib64/nwk_opt_imp.so 41218-41228
/vendor/lib64/ov50d40_mipi_raw_oris_IdxMgr.so 41229
/vendor/lib64/ov50d40_mipi_raw_oris_tuning.so 41230-41283
/vendor/lib64/ov50d40_mipi_raw_orisc_IdxMgr.so 41284
/vendor/lib64/ov50d40_mipi_raw_orisc_tuning.so 41285-41338
/vendor/lib64/ov8856_mipi_raw_IdxMgr.so 41339
/vendor/lib64/ov8856_mipi_raw_tuning.so 41340-41383
/vendor/lib64/s5k2l7_mipi_raw_IdxMgr.so 41384
/vendor/lib64/s5k2l7_mipi_raw_tuning.so 41385-41424
/vendor/lib64/s5k2p7_mipi_raw_IdxMgr.so 41425
/vendor/lib64/s5k2p7_mipi_raw_tuning.so 41426-41472
/vendor/lib64/s5k2t7sp_mipi_raw_IdxMgr.so 41473
/vendor/lib64/s5k2t7sp_mipi_raw_tuning.so 41474-41520
/vendor/lib64/s5k4h7_mipi_raw_IdxMgr.so 41521
/vendor/lib64/s5k4h7_mipi_raw_tuning.so 41522-41569
/vendor/lib64/s5k4h7sub_mipi_raw_IdxMgr.so 41570
/vendor/lib64/s5k4h7sub_mipi_raw_tuning.so 41571-41616
/vendor/lib64/s5kjn1_mipi_raw_IdxMgr.so 41617
/vendor/lib64/s5kjn1_mipi_raw_tuning.so 41618-41666
/vendor/lib64/sc820cs_mipi_raw23618_IdxMgr.so 41667
/vendor/lib64/sc820cs_mipi_raw23618_tuning.so 41668-41715
/vendor/lib64/server_configurable_flags.so 41716-41718
/vendor/lib64/soter_attk_provision.so 41719
/vendor/lib64/vendor.mediatek.framework.mtksf_ext-V2-ndk.so 41720-41723
/vendor/lib64/vendor.mediatek.framework.mtksf_ext-V3-ndk.so 41724-41728
/vendor/lib64/vendor.mediatek.hardware.aee-V1-ndk.so 41729-41734
/vendor/lib64/vendor.mediatek.hardware.aee@1.0.so 41735-41741
/vendor/lib64/vendor.mediatek.hardware.aee@1.1.so 41742-41752
/vendor/lib64/vendor.mediatek.hardware.apmonitor-V1-ndk.so 41753-41759
/vendor/lib64/vendor.mediatek.hardware.apmonitor@2.0.so 41760-41772
/vendor/lib64/vendor.mediatek.hardware.atci-V1-ndk.so 41773-41778
/vendor/lib64/vendor.mediatek.hardware.audio-V1-ndk.so 41779-41783
/vendor/lib64/vendor.mediatek.hardware.audio@6.1.so 41784-41802
/vendor/lib64/vendor.mediatek.hardware.bluetooth.audio-V1-ndk.so 41803-41818
/vendor/lib64/vendor.mediatek.hardware.bluetooth.audio@2.1.so 41819-41837
/vendor/lib64/vendor.mediatek.hardware.bluetooth.audio@2.2.so 41838-41852
/vendor/lib64/vendor.mediatek.hardware.camera.atms-V1-ndk.so 41853-41856
/vendor/lib64/vendor.mediatek.hardware.camera.bgservice-V1-ndk.so 41857-41861
/vendor/lib64/vendor.mediatek.hardware.camera.ccap@1.0.so 41862-41869
/vendor/lib64/vendor.mediatek.hardware.camera.frhandler@1.0.so 41870-41882
/vendor/lib64/vendor.mediatek.hardware.camera.isphal-V1-ndk.so 41883-41891
/vendor/lib64/vendor.mediatek.hardware.camera.postproc-V1-ndk.so 41892-41896
/vendor/lib64/vendor.mediatek.hardware.camera.postproc@1.0.so 41897-41903
/vendor/lib64/vendor.mediatek.hardware.camera.security@1.0.so 41904-41916
/vendor/lib64/vendor.mediatek.hardware.clientapi-V1-ndk.so 41917-41922
/vendor/lib64/vendor.mediatek.hardware.composer_ext-V1-ndk.so 41923-41930
/vendor/lib64/vendor.mediatek.hardware.composer_ext@1.0.so 41931-41942
/vendor/lib64/vendor.mediatek.hardware.dmc-V1-ndk.so 41943-41950
/vendor/lib64/vendor.mediatek.hardware.engineermode-V2-ndk.so 41951-41962
/vendor/lib64/vendor.mediatek.hardware.gnss-V2-ndk.so 41963-41969
/vendor/lib64/vendor.mediatek.hardware.gpuserv-V2-ndk.so 41970-41979
/vendor/lib64/vendor.mediatek.hardware.lbs-V1-ndk.so 41980-41985
/vendor/lib64/vendor.mediatek.hardware.lbs@1.0.so 41986-41995
/vendor/lib64/vendor.mediatek.hardware.log-V1-ndk.so 41996-42000
/vendor/lib64/vendor.mediatek.hardware.mbrain-V3-ndk.so 42001-42007
/vendor/lib64/vendor.mediatek.hardware.mbrain-V6-ndk.so 42008-42014
/vendor/lib64/vendor.mediatek.hardware.mbrainj-V1-ndk.so 42015-42018
/vendor/lib64/vendor.mediatek.hardware.mdmonitor-V1-ndk.so 42019-42024
/vendor/lib64/vendor.mediatek.hardware.mdmonitor@1.0.so 42025-42035
/vendor/lib64/vendor.mediatek.hardware.mmagent-V1-ndk.so 42036-42041
/vendor/lib64/vendor.mediatek.hardware.mmagent@1.0.so 42042-42052
/vendor/lib64/vendor.mediatek.hardware.mmagent@1.1.so 42053-42060
/vendor/lib64/vendor.mediatek.hardware.mmlpq-V3-ndk.so 42061-42065
/vendor/lib64/vendor.mediatek.hardware.mms-V1-ndk.so 42066-42074
/vendor/lib64/vendor.mediatek.hardware.mtklight-V1-ndk.so 42075
/vendor/lib64/vendor.mediatek.hardware.mtkpower-V1-ndk.so 42076-42082
/vendor/lib64/vendor.mediatek.hardware.mtkpower-V2-ndk.so 42083-42089
/vendor/lib64/vendor.mediatek.hardware.mtkpower@1.0.so 42090-42101
/vendor/lib64/vendor.mediatek.hardware.mtkpower@1.1.so 42102-42117
/vendor/lib64/vendor.mediatek.hardware.mtkpower@1.2.so 42118-42133
/vendor/lib64/vendor.mediatek.hardware.mtkpower_applist-V2-ndk.so 42134-42137
/vendor/lib64/vendor.mediatek.hardware.mtkradioex.assist-V2-ndk.so 42138-42142
/vendor/lib64/vendor.mediatek.hardware.mtkradioex.atci-V1-ndk.so 42143-42147
/vendor/lib64/vendor.mediatek.hardware.mtkradioex.cap-V1-ndk.so 42148-42152
/vendor/lib64/vendor.mediatek.hardware.mtkradioex.data-V3-ndk.so 42153-42166
/vendor/lib64/vendor.mediatek.hardware.mtkradioex.dch-V2-ndk.so 42167-42177
/vendor/lib64/vendor.mediatek.hardware.mtkradioex.em-V1-ndk.so 42178-42184
/vendor/lib64/vendor.mediatek.hardware.mtkradioex.ims-V2-ndk.so 42185-42204
/vendor/lib64/vendor.mediatek.hardware.mtkradioex.messaging-V1-ndk.so 42205-42212
/vendor/lib64/vendor.mediatek.hardware.mtkradioex.modem-V3-ndk.so 42213-42224
/vendor/lib64/vendor.mediatek.hardware.mtkradioex.mwi-V1-ndk.so 42225-42231
/vendor/lib64/vendor.mediatek.hardware.mtkradioex.network-V1-ndk.so 42232-42249
/vendor/lib64/vendor.mediatek.hardware.mtkradioex.rcs-V2-ndk.so 42250-42258
/vendor/lib64/vendor.mediatek.hardware.mtkradioex.rsu-V1-ndk.so 42259-42264
/vendor/lib64/vendor.mediatek.hardware.mtkradioex.se-V1-ndk.so 42265-42269
/vendor/lib64/vendor.mediatek.hardware.mtkradioex.sim-V1-ndk.so 42270-42284
/vendor/lib64/vendor.mediatek.hardware.mtkradioex.sim-V2-ndk.so 42285-42300
/vendor/lib64/vendor.mediatek.hardware.mtkradioex.smartratswitch-V1-ndk.so 42301-42306
/vendor/lib64/vendor.mediatek.hardware.mtkradioex.voice-V1-ndk.so 42307-42318
/vendor/lib64/vendor.mediatek.hardware.netdagent-V1-ndk.so 42319-42322
/vendor/lib64/vendor.mediatek.hardware.netdagent@1.0.so 42323-42329
/vendor/lib64/vendor.mediatek.hardware.nvram-V1-ndk.so 42330-42335
/vendor/lib64/vendor.mediatek.hardware.nwk_opt_new-V1-ndk.so 42336-42339
/vendor/lib64/vendor.mediatek.hardware.power@1.1.so 42340-42349
/vendor/lib64/vendor.mediatek.hardware.power@2.0.so 42350-42360
/vendor/lib64/vendor.mediatek.hardware.pq@2.0.so 42361-42376
/vendor/lib64/vendor.mediatek.hardware.pq_aidl-V2-ndk.so 42377-42403
/vendor/lib64/vendor.mediatek.hardware.pq_aidl-V4-ndk.so 42404-42432
/vendor/lib64/vendor.mediatek.hardware.pq_aidl-V7-ndk.so 42433-42462
/vendor/lib64/vendor.mediatek.hardware.videotelephony-V1-ndk.so 42463-42467
/vendor/lib64/vendor.oplus.hardware.appradioaidl-V1-ndk.so 42468-42475
/vendor/lib64/vendor.oplus.hardware.cameraextension-V1-ndk_platform.so 42476-42479
/vendor/lib64/vendor.oplus.hardware.cammidasservice-V1-ndk.so 42480-42486
/vendor/lib64/vendor.oplus.hardware.cammidasservice-V1-ndk_platform.so 42487-42493
/vendor/lib64/vendor.oplus.hardware.charger-V5-ndk.so 42494-42505
/vendor/lib64/vendor.oplus.hardware.displaypanelfeature-V1-ndk.so 42506-42510
/vendor/lib64/vendor.oplus.hardware.orms@1.0.so 42511-42518
/vendor/lib64/vendor.oplus.hardware.osense.client-V1-ndk.so 42519-42524
/vendor/lib64/vendor.oplus.hardware.osense.client-V1-ndk_platform.so 42525-42530
/vendor/lib64/vendor.oplus.hardware.osense.client@1.0.so 42531-42539
/vendor/lib64/vendor.oplus.hardware.performance-V1-ndk.so 42540-42555
/vendor/lib64/vendor.oplus.hardware.performance-V1-ndk_platform.so 42556-42571
/vendor/lib64/vendor.oplus.hardware.radio-V2-ndk.so 42572-42588
/vendor/lib64/vendor.oplus.hardware.radio.satellite.rsmc-V1-ndk.so 42589-42597
/vendor/lib64/vendor.oplus.hardware.radio.satellite.zb-V2-ndk.so 42598-42603
/vendor/lib64/vendor.oplus.hardware.sendextcamcmd-V2-ndk_platform.so 42604-42608
/vendor/lib64/vendor.oplus.hardware.wifi.supplicant-V5-ndk.so 42609-42625
/vendor/lib64/vendor.trustonic.hardware.soter-V1-ndk.so 42626-42631
/vendor/lib64/vpp_hdrmeta_handler_plugin.so 42632-42636
/vendor/app/NetworkStackGoogleGoResOverlay/NetworkStackGoogleGoResOverlay.apk 42637-42638
/vendor/app/NetworkStackGoogleResOverlay/NetworkStackGoogleResOverlay.apk 42639-42640
/vendor/app/NetworkStackResOverlay/NetworkStackResOverlay.apk 42641-42642
/vendor/app/TetheringGoogleResOverlay/TetheringGoogleResOverlay.apk 42643-42644
/vendor/app/TetheringResOverlay/TetheringResOverlay.apk 42645-42646
/vendor/app/mcRegistry/020f0000000000000000000000000000.drbin 42647-42651
/vendor/app/mcRegistry/020f0000000000000000000000000000.tlbin 42652-42656
/vendor/app/mcRegistry/030c0000000000000000000000000000.drbin 42657-42658
/vendor/app/mcRegistry/030c0000000000000000000000000000.tlbin 42659-42660
/vendor/app/mcRegistry/05120000000000000000000000000001.drbin 42661-42663
/vendor/app/mcRegistry/05120000000000000000000000000001.tlbin 42664-42666
/vendor/app/mcRegistry/06090000000000000000000000000000.drbin 42667-42669
/vendor/app/mcRegistry/06090000000000000000000000000000.tlbin 42670-42672
/vendor/app/mcRegistry/0706000000000000000000000000004d.tlbin 42673-42711
/vendor/app/mcRegistry/07061000000000000000000000000000.tlbin 42712-42714
/vendor/app/mcRegistry/07150000000000000000000000000000.drbin 42715-42717
/vendor/app/mcRegistry/07150000000000000000000000000000.tlbin 42718-42720
/vendor/app/mcRegistry/07170000000000000000000000000000.drbin 42721-42726
/vendor/app/mcRegistry/07170000000000000000000000000000.tlbin 42727-42732
/vendor/app/mcRegistry/07210000000000000000000000000000.drbin 42733-42740
/vendor/app/mcRegistry/07210000000000000000000000000000.tlbin 42741-42748
/vendor/app/mcRegistry/08030000000000000000000000000000.tabin 42749-42751
/vendor/app/mcRegistry/08040000000000000000000000003419.tabin 42752-42754
/vendor/app/mcRegistry/08050000000000000000000000003419.drbin 42755-42757
/vendor/app/mcRegistry/08050000000000000000000000003419.tlbin 42758-42760
/vendor/app/mcRegistry/08110000000000000000000000000000.tabin 42761-42771
/vendor/app/mcRegistry/09190000000000000000000000000000.tabin 42772-42774
/vendor/app/mcRegistry/40188311faf343488db888ad39496f9a.drbin 42775-42777
/vendor/app/mcRegistry/40188311faf343488db888ad39496f9a.tlbin 42778-42780
/vendor/app/mcRegistry/5020170115e016302017012521300000.drbin 42781-42783
/vendor/app/mcRegistry/5020170115e016302017012521300000.tlbin 42784-42786
/vendor/app/mcRegistry/e97c270ea5c44c58bcd3384a2fa2539e.tabin 42787-42831
/vendor/bin/hw/android.hardware.audio.service-aidl.mediatek 42832-42838
/vendor/bin/hw/android.hardware.bluetooth-service-mediatek 42839-42846
/vendor/bin/hw/android.hardware.boot-service.mtk 42847-42863
/vendor/bin/hw/android.hardware.contexthub-service.tinysys 42864-42899
/vendor/bin/hw/android.hardware.drm-service.clearkey 42900-42926
/vendor/bin/hw/android.hardware.gatekeeper-service.trustonic 42927-42930
/vendor/bin/hw/android.hardware.gnss-service.mediatek 42931
/vendor/bin/hw/android.hardware.graphics.allocator-V2-service-mediatek 42932-42934
/vendor/bin/hw/android.hardware.graphics.composer@3.3-service 42935-42946
/vendor/bin/hw/android.hardware.health-service.example 42947-42977
/vendor/bin/hw/android.hardware.lights-service.mediatek 42978-42981
/vendor/bin/hw/android.hardware.media.c2-mediatek 42982-42984
/vendor/bin/hw/android.hardware.media.c2-mediatek-64b 42985-42987
/vendor/bin/hw/android.hardware.media.c2@1.2-mediatek 42988-42990
/vendor/bin/hw/android.hardware.media.c2@1.2-mediatek-64b 42991-42993
/vendor/bin/hw/android.hardware.memtrack-service.mediatek 42994-42997
/vendor/bin/hw/android.hardware.neuralnetworks-shim-service-mtk-legacy-lazy 42998-43100
/vendor/bin/hw/android.hardware.secure_element@1.2-service-mediatek 43101-43112
/vendor/bin/hw/android.hardware.security.keymint@3.0-service.trustonic_norkp 43113-43130
/vendor/bin/hw/android.hardware.sensors-service.multihal 43131-43145
/vendor/bin/hw/android.hardware.thermal-service.mediatek 43146-43159
/vendor/bin/hw/android.hardware.usb-aidl-service.mediatekv1.0 43160-43177
/vendor/bin/hw/android.hardware.usb.gadget-aidl-service.mediatekv1.0 43178-43182
/vendor/bin/hw/android.hardware.wifi-service-lazy 43183-43247
/vendor/bin/hw/camerahalserver 43248-43250
/vendor/bin/hw/hostapd 43251-43453
/vendor/bin/hw/mtkfusionrild 43454-43455
/vendor/bin/hw/tetheroffloadservice 43456-43461
/vendor/bin/hw/vendor.mediatek.hardware.aee@1.1-service 43462-43464
/vendor/bin/hw/vendor.mediatek.hardware.aee@V1-service 43465-43468
/vendor/bin/hw/vendor.mediatek.hardware.gpuserv-service 43469
/vendor/bin/hw/vendor.mediatek.hardware.mbrain-service.mediatek 43470-43474
/vendor/bin/hw/vendor.mediatek.hardware.mmagent-service 43475-43478
/vendor/bin/hw/vendor.mediatek.hardware.mmlpq@V1-service 43479
/vendor/bin/hw/vendor.mediatek.hardware.mms-service 43480-43484
/vendor/bin/hw/vendor.mediatek.hardware.mtkpower-service.mediatek 43485-43487
/vendor/bin/hw/vendor.mediatek.hardware.mtkpower_applist-service.mediatek 43488-43490
/vendor/bin/hw/vendor.mediatek.hardware.nvram-service 43491-43495
/vendor/bin/hw/vendor.mediatek.hardware.nwk_opt@1.0-service 43496
/vendor/bin/hw/vendor.mediatek.hardware.pq_aidl-service 43497
/vendor/bin/hw/vendor.trustonic.soter@1.0-service 43498-43501
/vendor/bin/hw/vtservice_aidl 43502-43503
/vendor/bin/hw/wpa_supplicant 43504-44046
/vendor/etc/apdb/APDB_MT6768_S01__W2441 44047-44060
/vendor/etc/apdb/APDB_MT6768_S01__W2441_ENUM 44061
/vendor/etc/audio_param/AudioParamOptions.xml 44062
/vendor/etc/audio_param/AudioParamOptions_vext.xml 44063
/vendor/etc/audio_param/PlaybackACF_AudioParam.xml 44064
/vendor/etc/audio_param/PlaybackDRC_AudioParam.xml 44065
/vendor/etc/audio_param/PlaybackHCF_AudioParam.xml 44066
/vendor/etc/audio_param/PlaybackVolDigi_AudioParam.xml 44067
/vendor/etc/audio_param/PlaybackVolUI_AudioParam.xml 44068
/vendor/etc/audio_param/RecordUI_AudioParam.xml 44069
/vendor/etc/audio_param/Record_AudioParam.xml 44070
/vendor/etc/audio_param/Record_ParamUnitDesc.xml 44071
/vendor/etc/audio_param/SmartPa_AudioParam.xml 44072
/vendor/etc/audio_param/SpeechDMNR_AudioParam.xml 44073
/vendor/etc/audio_param/SpeechDMNR_ParamUnitDesc.xml 44074-44077
/vendor/etc/audio_param/SpeechUI_ParamUnitDesc.xml 44078
/vendor/etc/audio_param/Speech_AudioParam.xml 44079
/vendor/etc/audio_param/Speech_ParamTreeView.xml 44080-44081
/vendor/etc/audio_param/Speech_ParamUnitDesc.xml 44082-44084
/vendor/etc/audio_param/VoIP_AudioParam.xml 44085
/vendor/etc/audio_param/VoIP_ParamTreeView.xml 44086
/vendor/etc/audio_param/VoIP_ParamUnitDesc.xml 44087-44088
/vendor/etc/audio_param/VoIPv2DMNR_AudioParam.xml 44089
/vendor/etc/audio_param/VoIPv2DMNR_ParamUnitDesc.xml 44090-44093
/vendor/etc/audio_param/VoIPv2UI_AudioParam.xml 44094
/vendor/etc/audio_param/VoIPv2_AudioParam.xml 44095
/vendor/etc/audio_param/VoIPv2_ParamTreeView.xml 44096-44097
/vendor/etc/audio_param/VoIPv2_ParamUnitDesc.xml 44098-44100
/vendor/etc/audio_param/VoWDspAec_AudioParam.xml 44101
/vendor/etc/audio_param/VolumeGainMap_AudioParam.xml 44102
/vendor/etc/audio_param/VolumeGainMap_ParamUnitDesc.xml 44103
/vendor/etc/audio_param/Volume_AudioParam.xml 44104
/vendor/etc/gnss/agps_profiles_conf2.xml 44105-44107
/vendor/etc/init/bootperf.rc 44108
/vendor/etc/init/vendor.mediatek.hardware.mtkpower@1.0-init.rc 44109-44111
/vendor/etc/mbrain/mbrain_runtime_appiot_config.bin 44112-44113
/vendor/etc/mbrain/mbrain_runtime_autort_config.bin 44114-44115
/vendor/etc/mbrain/mbrain_runtime_concurrencytable_config.bin 44116-44117
/vendor/etc/mbrain/mbrain_runtime_config.bin 44118-44119
/vendor/etc/mbrain/mbrain_runtime_game_config.bin 44120
/vendor/etc/mbrain/mbrain_runtime_gameiot_config.bin 44121-44122
/vendor/etc/mbrain/mbrain_runtime_groupstability_config.bin 44123-44124
/vendor/etc/mbrain/mbrain_runtime_mtbf_config.bin 44125-44126
/vendor/etc/mbrain/mbrain_runtime_perfstability_config.bin 44127-44128
/vendor/etc/mbrain/mbrain_runtime_pivm_config.bin 44129-44130
/vendor/etc/mbrain/mbrain_runtime_smoothmodel_config.bin 44131-44132
/vendor/etc/mbrain/mbrain_runtime_spu_config.bin 44133-44134
/vendor/etc/mbrain/mbrain_runtime_video_config.bin 44135
/vendor/etc/mbrain/mbrain_static_config.bin 44136-44137
/vendor/etc/permissions/handheld_core_hardware.prebuilt.xml 44138
/vendor/etc/selinux/plat_pub_versioned.cil 44139-44154
/vendor/etc/selinux/plat_pub_versioned_debug.cil 44155-44171
/vendor/etc/selinux/vendor_file_contexts 44172-44179
/vendor/etc/selinux/vendor_hwservice_contexts 44180
/vendor/etc/selinux/vendor_property_contexts 44181-44185
/vendor/etc/selinux/vendor_sepolicy.cil 44186-44247
/vendor/etc/selinux/vendor_sepolicy_debug.cil 44248-44309
/vendor/etc/selinux/vendor_service_contexts 44310-44311
/vendor/etc/vintf/manifest.xml 44312
/vendor/lib/egl/libGLES_mali.so 44313-50339
/vendor/lib/egl/libGLES_meow.so 50340-50493
/vendor/lib/egl/libMEOW_data.so 50494-50495
/vendor/lib/egl/libMEOW_gift.so 50496-50569
/vendor/lib/egl/libMEOW_qt.so 50570-50580
/vendor/lib/egl/libMEOW_trace.so 50581-50613
/vendor/lib/hw/android.hardware.bluetooth.audio@2.0-impl.so 50614-50621
/vendor/lib/hw/android.hardware.bluetooth.audio@2.1-impl.so 50622-50633
/vendor/lib/hw/android.hardware.graphics.allocator-V2-mediatek.so 50634-50706
/vendor/lib/hw/android.hardware.renderscript@1.0-impl.so 50707-50711
/vendor/lib/hw/android.hardware.soundtrigger3-impl.so 50712-50716
/vendor/lib/hw/audio.primary.default.so 50717 50718
/vendor/lib/hw/audio.r_submix.default.so 50719-50722
/vendor/lib/hw/audio.usb.default.so 50723-50726
/vendor/lib/hw/audio_policy.stub.so 50727
/vendor/lib/hw/gps.default.so 50728-50736
/vendor/lib/hw/gralloc.default.so 50737-50738
/vendor/lib/hw/libmbrainImpl.so 50739-51018
/vendor/lib/hw/mapper.mediatek.so 51019-51035
/vendor/lib/hw/thermal_hal.so 51036
/vendor/lib/hw/vendor.mediatek.hardware.audio-impl.so 51037-51040
/vendor/lib/hw/vendor.mediatek.hardware.bluetooth.audio@2.1-impl.so 51041-51048
/vendor/lib/hw/vendor.mediatek.hardware.bluetooth.audio@2.2-impl.so 51049-51060
/vendor/lib/hw/vendor.mediatek.hardware.mtkpower-aidl-impl.so 51061-51062
/vendor/lib/hw/vendor.mediatek.hardware.nvram-impl.so 51063-51065
/vendor/lib/hw/vendor.mediatek.hardware.pq_aidl-impl.so 51066-51133
/vendor/lib/hw/vendor.mediatek.hardware.videotelephony-impl.so 51134-51139
/vendor/lib/hw/vibrator.default.so 51140
/vendor/lib/mediacas/libclearkeycasplugin.so 51141-51148
/vendor/lib/mediadrm/libdrmclearkeyplugin.so 51149-51154
/vendor/lib/mediadrm/libmockdrmcryptoplugin.so 51155-51159
/vendor/lib/mt6768/libdpframework.so 51160-51290
/vendor/lib/mt6768/libmtk_drvb.so 51291-51292
/vendor/lib/mt6768/libneuron_adapter_mgvi.so 51293-51581
/vendor/lib/mt6768/libnir_neon_driver.so 51582-52238
/vendor/lib/mt6768/libpq_sec.so 52239-52319
/vendor/lib/soundfx/libaecsw.so 52320-52355
/vendor/lib/soundfx/libagc1sw.so 52356-52391
/vendor/lib/soundfx/libagc2sw.so 52392-52427
/vendor/lib/soundfx/libaudiopreprocessing.so 52428-52544
/vendor/lib/soundfx/libaudiopreprocessing_mtk.so 52545-52547
/vendor/lib/soundfx/libbassboostsw.so 52548-52583
/vendor/lib/soundfx/libbundleaidl.so 52584-52670
/vendor/lib/soundfx/libbundlewrapper.so 52671-52711
/vendor/lib/soundfx/libdownmix.so 52712-52713
/vendor/lib/soundfx/libdownmixaidl.so 52714-52754
/vendor/lib/soundfx/libdynamicsprocessingaidl.so 52755-52807
/vendor/lib/soundfx/libdynproc.so 52808-52816
/vendor/lib/soundfx/libeffectproxy.so 52817-52818
/vendor/lib/soundfx/libenvreverbsw.so 52819-52854
/vendor/lib/soundfx/libequalizersw.so 52855-52891
/vendor/lib/soundfx/libextensioneffect.so 52892-52926
/vendor/lib/soundfx/libhapticgenerator.so 52927-52950
/vendor/lib/soundfx/libhapticgeneratoraidl.so 52951-53012
/vendor/lib/soundfx/libldnhncr.so 53013-53014
/vendor/lib/soundfx/libloudnessenhanceraidl.so 53015-53055
/vendor/lib/soundfx/libnssw.so 53056-53090
/vendor/lib/soundfx/libpreprocessingaidl.so 53091-53248
/vendor/lib/soundfx/libpresetreverbsw.so 53249-53284
/vendor/lib/soundfx/libreverbaidl.so 53285-53362
/vendor/lib/soundfx/libreverbwrapper.so 53363-53394
/vendor/lib/soundfx/libvirtualizersw.so 53395-53430
/vendor/lib/soundfx/libvisualizer.so 53431-53432
/vendor/lib/soundfx/libvisualizeraidl.so 53433-53477
/vendor/lib/soundfx/libvolumesw.so 53478-53513
/vendor/lib64/egl/libGLES_mali.so 53514-60917
/vendor/lib64/egl/libGLES_meow.so 60918-61085
/vendor/lib64/egl/libMEOW_data.so 61086-61087
/vendor/lib64/egl/libMEOW_gift.so 61088-61173
/vendor/lib64/egl/libMEOW_qt.so 61174-61187
/vendor/lib64/egl/libMEOW_trace.so 61188-61224
/vendor/lib64/hw/android.hardware.audio.effect.aidl-impl-mediatek.so 61225-61243
/vendor/lib64/hw/android.hardware.bluetooth.audio@2.0-impl.so 61244-61252
/vendor/lib64/hw/android.hardware.bluetooth.audio@2.1-impl.so 61253-61265
/vendor/lib64/hw/android.hardware.camera.provider@2.6-impl-mediatek.so 61266-61284
/vendor/lib64/hw/android.hardware.gnss-impl-mediatek.so 61285-61304
/vendor/lib64/hw/android.hardware.graphics.allocator-V2-mediatek.so 61305-61394
/vendor/lib64/hw/android.hardware.renderscript@1.0-impl.so 61395-61399
/vendor/lib64/hw/android.hardware.sensors@2.X-subhal-mediatek.so 61400-61404
/vendor/lib64/hw/android.hardware.soundtrigger3-impl.so 61405-61411
/vendor/lib64/hw/audio.bluetooth.default.so 61412-61435
/vendor/lib64/hw/audio.primary.default.so 61436-61437
/vendor/lib64/hw/audio.primary.mt6768.so 61438-61873
/vendor/lib64/hw/audio.r_submix.default.so 61874-61877
/vendor/lib64/hw/audio.r_submix.mt6768.so 61878-61882
/vendor/lib64/hw/audio.usb.default.so 61883-61887
/vendor/lib64/hw/audio_policy.stub.so 61888
/vendor/lib64/hw/gps.default.so 61889-61898
/vendor/lib64/hw/gralloc.default.so 61899-61901
/vendor/lib64/hw/hwcomposer.mt6768.so 61902-62153
/vendor/lib64/hw/libmbrainImpl.so 62154-62461
/vendor/lib64/hw/lights.mt6768.so 62462
/vendor/lib64/hw/local_time.default.so 62463
/vendor/lib64/hw/mapper.mediatek.so 62464-62482
/vendor/lib64/hw/power.default.so 62483
/vendor/lib64/hw/sensors.dynamic_sensor_hal.so 62484-62517
/vendor/lib64/hw/sensors.mt6768.so 62518-62545
/vendor/lib64/hw/sound_trigger.primary.default.so 62546-62553
/vendor/lib64/hw/thermal_hal.so 62554-62555
/vendor/lib64/hw/vendor.mediatek.hardware.audio-impl.so 62556-62559
/vendor/lib64/hw/vendor.mediatek.hardware.bluetooth.audio@2.1-impl.so 62560-62568
/vendor/lib64/hw/vendor.mediatek.hardware.bluetooth.audio@2.2-impl.so 62569-62582
/vendor/lib64/hw/vendor.mediatek.hardware.camera.atms_aidl@1.0-impl.so 62583-62584
/vendor/lib64/hw/vendor.mediatek.hardware.camera.bgservice_aidl@1.0-impl.so 62585-62588
/vendor/lib64/hw/vendor.mediatek.hardware.camera.isphal_aidl@1.0-impl.so 62589-62613
/vendor/lib64/hw/vendor.mediatek.hardware.camera.postproc_aidl@1.0-impl.so 62614-62616
/vendor/lib64/hw/vendor.mediatek.hardware.gnss-impl.so 62617-62620
/vendor/lib64/hw/vendor.mediatek.hardware.mtkpower-aidl-impl.so 62621-62623
/vendor/lib64/hw/vendor.mediatek.hardware.nvram-impl.so 62624-62627
/vendor/lib64/hw/vendor.mediatek.hardware.pq_aidl-impl.so 62628-62709
/vendor/lib64/hw/vendor.mediatek.hardware.videotelephony-impl.so 62710-62714
/vendor/lib64/hw/vendor.oplus.hardware.cameraextension-V1-service-impl.so 62715-62718
/vendor/lib64/hw/vendor.oplus.hardware.sendextcamcmd-V1-service-impl.so 62719-62721
/vendor/lib64/hw/vibrator.default.so 62722
/vendor/lib64/hw/vulkan.mali.so 62723
/vendor/lib64/mediacas/libclearkeycasplugin.so 62724-62733
/vendor/lib64/mediadrm/libdrmclearkeyplugin.so 62734-62741
/vendor/lib64/mediadrm/libmockdrmcryptoplugin.so 62742-62747
/vendor/lib64/mt6768/libdpframework.so 62748-62889
/vendor/lib64/mt6768/libmmagent.so 62890-62893
/vendor/lib64/mt6768/libmml.so 62894
/vendor/lib64/mt6768/libmmlpqImpl.so 62895-62898
/vendor/lib64/mt6768/libmtk_drvb.so 62899-62901
/vendor/lib64/mt6768/libneuron_adapter_mgvi.so 62902-63272
/vendor/lib64/mt6768/libnir_neon_driver.so 63273-64127
/vendor/lib64/mt6768/libpq_sec.so 64128-64220
/vendor/lib64/mt6768/libpqparamparser.so 64221
/vendor/lib64/mtkcam/libmtkcam_streaminfo_plugin-p1stt.so 64222-64224
/vendor/lib64/soundfx/libaecsw.so 64225-64261
/vendor/lib64/soundfx/libagc1sw.so 64262-64298
/vendor/lib64/soundfx/libagc2sw.so 64299-64335
/vendor/lib64/soundfx/libaudiopreprocessing.so 64336-64502
/vendor/lib64/soundfx/libaudiopreprocessing_mtk.so 64503-64505
/vendor/lib64/soundfx/libbassboostsw.so 64506-64541
/vendor/lib64/soundfx/libbundleaidl.so 64542-64621
/vendor/lib64/soundfx/libbundlewrapper.so 64622-64652
/vendor/lib64/soundfx/libdownmix.so 64653-64655
/vendor/lib64/soundfx/libdownmixaidl.so 64656-64699
/vendor/lib64/soundfx/libdynamicsprocessingaidl.so 64700-64757
/vendor/lib64/soundfx/libdynproc.so 64758-64768
/vendor/lib64/soundfx/libeffectproxy.so 64769-64770
/vendor/lib64/soundfx/libenvreverbsw.so 64771-64807
/vendor/lib64/soundfx/libequalizersw.so 64808-64844
/vendor/lib64/soundfx/libextensioneffect.so 64845-64880
/vendor/lib64/soundfx/libhapticgenerator.so 64881-64899
/vendor/lib64/soundfx/libhapticgeneratoraidl.so 64900-64958
/vendor/lib64/soundfx/libldnhncr.so 64959-64960
/vendor/lib64/soundfx/libloudnessenhanceraidl.so 64961-65002
/vendor/lib64/soundfx/libnssw.so 65003-65038
/vendor/lib64/soundfx/libpreprocessingaidl.so 65039-65249
/vendor/lib64/soundfx/libpresetreverbsw.so 65250-65286
/vendor/lib64/soundfx/libreverbaidl.so 65287-65353
/vendor/lib64/soundfx/libreverbwrapper.so 65354-65375
/vendor/lib64/soundfx/libvirtualizersw.so 65376-65412
/vendor/lib64/soundfx/libvisualizer.so 65413-65414
/vendor/lib64/soundfx/libvisualizeraidl.so 65415-65461
/vendor/lib64/soundfx/libvolumesw.so 65462-65497
/vendor/overlay/CellbroadcastUIResOverlay/CellbroadcastUIResOverlay.apk 65498-65499
/vendor/overlay/FrameworkResOverlay/FrameworkResOverlay.apk 65500-65501
/vendor/overlay/FrameworkResOverlayExt/FrameworkResOverlayExt.apk 65502-65503
/vendor/overlay/MtkSettingsResOverlay/MtkSettingsResOverlay.apk 65504
/vendor/overlay/MtkTelephonyServiceResOverlay/MtkTelephonyServiceResOverlay.apk 65505
/vendor/overlay/SettingsProviderResOverlay/SettingsProviderResOverlay.apk 65506
/vendor/overlay/SystemUIResOverlay/SystemUIResOverlay.apk 65507
/vendor/overlay/WifiResMainlineOverlay/WifiResMainlineOverlay.apk 65508-65509
/vendor/overlay/WifiResOverlay/WifiResOverlay.apk 65510-65511
/vendor/res/images/lcd_test_00.png 65512-66024
/vendor/res/images/lcd_test_01.png 66025-67007
/vendor/res/images/lcd_test_02.png 67008-67457
/vendor/res/sound/CalibrationPatternOut.wav 67458-67468
/vendor/res/sound/ringtone.wav 67469-67577
/vendor/res/sound/testpattern1.wav 67578
/vendor/etc/aidl/le_audio/aidl_audio_set_configurations.bfbs 67579
/vendor/etc/aidl/le_audio/aidl_audio_set_configurations.json 67580-67581
/vendor/etc/aidl/le_audio/aidl_audio_set_scenarios.json 67582
/vendor/etc/init/hw/factory_init.rc 67583-67585
/vendor/etc/init/hw/init.mt6768.rc 67586-67588
/vendor/etc/init/hw/init.mt6768.usb.rc 67589-67590
/vendor/etc/init/hw/init.sensor_1_0.rc 67591
/vendor/etc/init/hw/meta_init.rc 67592-67593
/vendor/etc/security/cacerts/10531352.0 67594
/vendor/etc/security/cacerts/128f4b91.0 67595
/vendor/etc/security/cacerts/1b0f7e5c.0 67596
/vendor/etc/security/cacerts/1df5a75f.0 67597
/vendor/etc/security/cacerts/1e1eab7c.0 67598
/vendor/etc/security/cacerts/1e8e7201.0 67599
/vendor/etc/security/cacerts/1ec40989.0 67600
/vendor/etc/security/cacerts/1f58a078.0 67601
/vendor/etc/security/cacerts/219d9499.0 67602
/vendor/etc/security/cacerts/23f4c490.0 67603
/vendor/etc/security/cacerts/2c63f966.0 67604
/vendor/etc/security/cacerts/2d9dafe4.0 67605
/vendor/etc/security/cacerts/302904dd.0 67606
/vendor/etc/security/cacerts/304d27c3.0 67607
/vendor/etc/security/cacerts/31188b5e.0 67608
/vendor/etc/security/cacerts/33ee480d.0 67609
/vendor/etc/security/cacerts/35105088.0 67610
/vendor/etc/security/cacerts/399e7759.0 67611
/vendor/etc/security/cacerts/3ad48a91.0 67612
/vendor/etc/security/cacerts/3c860d51.0 67613
/vendor/etc/security/cacerts/3c9a4d3b.0 67614-67615
/vendor/etc/security/cacerts/3e7271e8.0 67616
/vendor/etc/security/cacerts/455f1b52.0 67617
/vendor/etc/security/cacerts/48a195d8.0 67618
/vendor/etc/security/cacerts/4be590e0.0 67619
/vendor/etc/security/cacerts/5046c355.0 67620
/vendor/etc/security/cacerts/52b525c7.0 67621
/vendor/etc/security/cacerts/53a1b57a.0 67622
/vendor/etc/security/cacerts/583d0756.0 67623
/vendor/etc/security/cacerts/5a3f0ff8.0 67624
/vendor/etc/security/cacerts/5f47b495.0 67625
/vendor/etc/security/cacerts/60afe812.0 67626
/vendor/etc/security/cacerts/6187b673.0 67627
/vendor/etc/security/cacerts/63a2c897.0 67628
/vendor/etc/security/cacerts/69105f4f.0 67629
/vendor/etc/security/cacerts/6f7454b3.0 67630
/vendor/etc/security/cacerts/75680d2e.0 67631
/vendor/etc/security/cacerts/76579174.0 67632
/vendor/etc/security/cacerts/7a819ef2.0 67633
/vendor/etc/security/cacerts/81b9768f.0 67634
/vendor/etc/security/cacerts/82223c44.0 67635
/vendor/etc/security/cacerts/85cde254.0 67636
/vendor/etc/security/cacerts/86212b19.0 67637
/vendor/etc/security/cacerts/882de061.0 67638
/vendor/etc/security/cacerts/8d10a21f.0 67639
/vendor/etc/security/cacerts/8d6437c3.0 67640
/vendor/etc/security/cacerts/9282e51c.0 67641
/vendor/etc/security/cacerts/9339512a.0 67642
/vendor/etc/security/cacerts/93851c9e.0 67643
/vendor/etc/security/cacerts/9576d26b.0 67644
/vendor/etc/security/cacerts/9591a472.0 67645
/vendor/etc/security/cacerts/95aff9e3.0 67646
/vendor/etc/security/cacerts/985c1f52.0 67647
/vendor/etc/security/cacerts/98aaf404.0 67648
/vendor/etc/security/cacerts/99e1b953.0 67649
/vendor/etc/security/cacerts/9d6523ce.0 67650
/vendor/etc/security/cacerts/a2c66da8.0 67651
/vendor/etc/security/cacerts/a81e292b.0 67652
/vendor/etc/security/cacerts/a9d40e02.0 67653
/vendor/etc/security/cacerts/ab5346f4.0 67654
/vendor/etc/security/cacerts/ab59055e.0 67655
/vendor/etc/security/cacerts/b0ed035a.0 67656
/vendor/etc/security/cacerts/b0f3e76e.0 67657
/vendor/etc/security/cacerts/b7db1890.0 67658
/vendor/etc/security/cacerts/b872f2b4.0 67659
/vendor/etc/security/cacerts/b92fd57f.0 67660
/vendor/etc/security/cacerts/b936d1c6.0 67661
/vendor/etc/security/cacerts/bc3f2570.0 67662
/vendor/etc/security/cacerts/bd43e1dd.0 67663
/vendor/etc/security/cacerts/bdacca6f.0 67664
/vendor/etc/security/cacerts/bf64f35b.0 67665
/vendor/etc/security/cacerts/c44cc0c0.0 67666
/vendor/etc/security/cacerts/c559d742.0 67667
/vendor/etc/security/cacerts/c90bc37d.0 67668
/vendor/etc/security/cacerts/cb1c3204.0 67669
/vendor/etc/security/cacerts/cf701eeb.0 67670
/vendor/etc/security/cacerts/d06393bb.0 67671
/vendor/etc/security/cacerts/d16a5865.0 67672
/vendor/etc/security/cacerts/d18e9066.0 67673
/vendor/etc/security/cacerts/d39b0a2c.0 67674
/vendor/etc/security/cacerts/d4c339cb.0 67675
/vendor/etc/security/cacerts/d59297b8.0 67676
/vendor/etc/security/cacerts/d7746a63.0 67677
/vendor/etc/security/cacerts/d96b65e2.0 67678
/vendor/etc/security/cacerts/da7377f6.0 67679
/vendor/etc/security/cacerts/dbc54cab.0 67680
/vendor/etc/security/cacerts/dbff3a01.0 67681
/vendor/etc/security/cacerts/dc99f41e.0 67682
/vendor/etc/security/cacerts/dfc0fe80.0 67683
/vendor/etc/security/cacerts/e071171e.0 67684
/vendor/etc/security/cacerts/e13665f9.0 67685
/vendor/etc/security/cacerts/e442e424.0 67686
/vendor/etc/security/cacerts/e48193cf.0 67687
/vendor/etc/security/cacerts/e7dd1bc4.0 67688
/vendor/etc/security/cacerts/e8651083.0 67689
/vendor/etc/security/cacerts/edcbddb5.0 67690
/vendor/etc/security/cacerts/f013ecaf.0 67691
/vendor/etc/security/cacerts/f058632f.0 67692
/vendor/etc/security/cacerts/f0cd152c.0 67693
/vendor/etc/security/cacerts/f459871d.0 67694
/vendor/etc/security/cacerts/f8fc53da.0 67695
/vendor/etc/security/cacerts/fb5fa911.0 67696
/vendor/etc/security/cacerts/fd08c599.0 67697
/vendor/etc/security/cacerts/fde84897.0 67698
/vendor/etc/security/cacerts/ffa7f1eb.0 67699
/vendor/etc/security/cacerts_supl/09127afb.0 67700
/vendor/etc/security/cacerts_supl/111e6273.0 67701
/vendor/etc/security/cacerts_supl/399e7759.0 67702
/vendor/etc/security/cacerts_supl/3ad48a91.0 67703
/vendor/etc/security/cacerts_supl/4469e942.0 67704
/vendor/etc/security/cacerts_supl/5d1ca92f.0 67705
/vendor/etc/security/cacerts_supl/7999be0d.0 67706
/vendor/etc/security/cacerts_supl/ab759f8c.0 67707
/vendor/etc/security/cacerts_supl/c90bc37d.0 67708
/vendor/etc/security/cacerts_supl/e7374c87.0 67709
/vendor/etc/security/cacerts_supl/e99505d2.0 67710
/vendor/etc/security/cacerts_supl/facacbc6.0 67711
/vendor/etc/security/cacerts_supl/lab/18dc3a8d.0 67712
/vendor/etc/security/cacerts_supl/lab/35ef1c14.0 67713
/vendor/etc/security/cacerts_supl/lab/399e7759.0 67714
/vendor/etc/security/cacerts_supl/lab/6f1dbe5e.0 67715
/vendor/etc/security/cacerts_supl/lab/b805b58a.0 67716
